Archive member included because of file (symbol)

libs/gcc/app_start.lib(timer.o)
                              build/gcc/obj/example/example_tcpclient.o (Ql_Timer_Register)
libs/gcc/app_start.lib(gprs.o)
                              build/gcc/obj/example/example_tcpclient.o (Ql_GPRS_GetPDPContextId)
libs/gcc/app_start.lib(ql_func.o)
                              libs/gcc/app_start.lib(timer.o) (m_get_api_ptr)
libs/gcc/app_start.lib(taskMngt.o)
                              build/gcc/obj/example/example_tcpclient.o (Ql_OS_GetMessage)
libs/gcc/app_start.lib(fota.o)
                              build/gcc/obj/custom/dfota/src/dfota_main.o (Ql_DFOTA_Init)
libs/gcc/app_start.lib(ql_main.o)
                              build/gcc/obj/ril/src/ril_network.o (memset)
libs/gcc/app_start.lib(memory.o)
                              build/gcc/obj/ril/src/ril_http.o (Ql_MEM_Alloc)
libs/gcc/app_start.lib(ril_main.o)
                              build/gcc/obj/ril/src/ril_http.o (Ql_RIL_WriteDataToCore)
libs/gcc/app_start.lib(ril_aux.o)
                              build/gcc/obj/custom/config/sys_config.o (proc_urc_task)
libs/gcc/app_start.lib(ocpi_init.o)
                              libs/gcc/app_start.lib(ql_main.o) (_OCPU_InitUserMem)
libs/gcc/app_start.lib(fileSys.o)
                              build/gcc/obj/custom/dfota/src/dfota_ftp.o (Ql_FS_Open)
libs/gcc/app_start.lib(lib_ril_sms.o)
                              build/gcc/obj/ril/src/ril_sms.o (LIB_SMS_IsValidHexStr)
libs/gcc/app_start.lib(stdlib_func.o)
                              build/gcc/obj/ril/src/ril_location.o (Ql_atof)
libs/gcc/app_start.lib(system.o)
                              build/gcc/obj/ril/src/ril_network.o (Ql_Sleep)
libs/gcc/app_start.lib(uart.o)
                              build/gcc/obj/example/example_tcpclient.o (Ql_UART_Register)
libs/gcc/app_start.lib(socket.o)
                              build/gcc/obj/custom/dfota/src/dfota_http.o (Ql_SOC_CreateEx)
C:\CSDTK4\/mips-elf-4.4.2/lib/gcc/mips-elf/4.4.2/libgcc.a(_df_to_si.o)
                              build/gcc/obj/ril/src/Ril_dtmf.o (__fixdfsi)
C:\CSDTK4\/mips-elf-4.4.2/lib/gcc/mips-elf/4.4.2/libgcc.a(_df_to_sf.o)
                              build/gcc/obj/ril/src/ril_location.o (__truncdfsf2)
C:\CSDTK4\/mips-elf-4.4.2/lib/gcc/mips-elf/4.4.2/libgcc.a(_lshrdi3.o)
                              C:\CSDTK4\/mips-elf-4.4.2/lib/gcc/mips-elf/4.4.2/libgcc.a(_df_to_si.o) (__lshrdi3)
C:\CSDTK4\/mips-elf-4.4.2/lib/gcc/mips-elf/4.4.2/libgcc.a(_make_sf.o)
                              C:\CSDTK4\/mips-elf-4.4.2/lib/gcc/mips-elf/4.4.2/libgcc.a(_df_to_sf.o) (__make_fp)
C:\CSDTK4\/mips-elf-4.4.2/lib/gcc/mips-elf/4.4.2/libgcc.a(_unpack_df.o)
                              C:\CSDTK4\/mips-elf-4.4.2/lib/gcc/mips-elf/4.4.2/libgcc.a(_df_to_si.o) (__unpack_d)
C:\CSDTK4\/mips-elf-4.4.2/lib/gcc/mips-elf/4.4.2/libgcc.a(_pack_sf.o)
                              C:\CSDTK4\/mips-elf-4.4.2/lib/gcc/mips-elf/4.4.2/libgcc.a(_make_sf.o) (__pack_f)

Allocating common symbols
Common symbol       size              file

Ql_snprintf         0x4               libs/gcc/app_start.lib(ql_main.o)
Ql_sprintf          0x4               libs/gcc/app_start.lib(ql_main.o)
Ql_Debug_Trace      0x4               libs/gcc/app_start.lib(ql_main.o)
Ql_sscanf           0x4               libs/gcc/app_start.lib(ql_main.o)
Temp_DBGBuffer      0x200             build/gcc/obj/custom/dfota/src/dfota_http_code.o
g_comingCall        0x124             build/gcc/obj/ril/src/ril_telephony.o
Fota_gprsCfg        0xb0              build/gcc/obj/custom/dfota/src/dfota_main.o
loclnfo             0x1c              build/gcc/obj/ril/src/ril_location2.o
Ql_Debug_TraceEx    0x4               libs/gcc/app_start.lib(ql_main.o)
strCCID             0x1e              build/gcc/obj/example/example_tcpclient.o
FotaConfig          0x10              build/gcc/obj/custom/dfota/src/dfota_main.o
arrHttpRcvBuf       0x2800            build/gcc/obj/example/example_tcpclient.o
Ql_vsnprintf        0x4               libs/gcc/app_start.lib(ql_main.o)
rssi                0x4               build/gcc/obj/example/example_tcpclient.o
MQTT_Recvhandler    0x4               libs/gcc/app_start.lib(ril_main.o)
httpMainContext     0x234             build/gcc/obj/custom/dfota/src/dfota_http.o
ber                 0x4               build/gcc/obj/example/example_tcpclient.o

Discarded input sections

 .reginfo       0x0000000000000000       0x18 build/gcc/obj/custom/config/sys_config.o
 .reginfo       0x0000000000000000       0x18 build/gcc/obj/ril/src/ril_audio.o
 .reginfo       0x0000000000000000       0x18 build/gcc/obj/ril/src/ril_custom.o
 .reginfo       0x0000000000000000       0x18 build/gcc/obj/ril/src/ril_http.o
 .reginfo       0x0000000000000000       0x18 build/gcc/obj/ril/src/ril_urc.o
 .reginfo       0x0000000000000000       0x18 build/gcc/obj/ril/src/ril_atResponse.o
 .reginfo       0x0000000000000000       0x18 build/gcc/obj/ril/src/ril_network.o
[...]
Memory Configuration

Name             Origin             Length             Attributes
*default*        0x0000000000000000 0xffffffffffffffff

Linker script and memory map

                0x0000000088310000                __ROM_START_ADDR = 0x88310000
                0x0000000000050000                __MAX_ROM_SIZE = 0x50000
                0x00000000823e7000                __RAM_START_ADDR = 0x823e7000
                0x0000000082400000                __RAM_END_ADDR = 0x82400000
                0x0000000088310000                . = __ROM_START_ADDR
                0x0000000088310000                _ROM_START = .

.initdata       0x0000000088310000       0x40
 *(.initdata)
 .initdata      0x0000000088310000       0x3c libs/gcc/app_start.lib(ql_main.o)
                0x0000000088310000                GADLENTRY
                0x0000000088310040                . = ALIGN (0x10)
 *fill*         0x000000008831003c        0x4 00

.text           0x0000000088310040      0x270
 *(.text)
 .text          0x0000000088310040        0x0 build/gcc/obj/custom/config/custom_sys_cfg.o
 .text          0x0000000088310040        0x0 build/gcc/obj/custom/config/sys_config.o
 .text          0x0000000088310040        0x0 build/gcc/obj/ril/src/ril_audio.o
 .text          0x0000000088310040        0x0 build/gcc/obj/ril/src/ril_custom.o
 .text          0x0000000088310040        0x0 build/gcc/obj/ril/src/ril_http.o
 .text          0x0000000088310040        0x0 build/gcc/obj/ril/src/ril_urc.o
 .text          0x0000000088310040        0x0 build/gcc/obj/ril/src/ril_atResponse.o
 .text          0x0000000088310040        0x0 build/gcc/obj/ril/src/ril_network.o
 .text          0x0000000088310040        0x0 build/gcc/obj/ril/src/ril_location.o
 .text          0x0000000088310040        0x0 build/gcc/obj/ril/src/ril_ntp.o
 .text          0x0000000088310040        0x0 build/gcc/obj/ril/src/ril_telephony.o
 .text          0x0000000088310040        0x0 build/gcc/obj/ril/src/ril_sms.o
 .text          0x0000000088310040        0x0 build/gcc/obj/ril/src/ril_system.o
 .text          0x0000000088310040        0x0 build/gcc/obj/ril/src/Ril_dtmf.o
 .text          0x0000000088310040        0x0 build/gcc/obj/ril/src/ril_sim.o
 .text          0x0000000088310040        0x0 build/gcc/obj/ril/src/ril_location2.o
 .text          0x0000000088310040        0x0 build/gcc/obj/ril/src/ril_init.o
 .text          0x0000000088310040        0x0 build/gcc/obj/ril/src/ril_ftp.o
 .text          0x0000000088310040        0x0 build/gcc/obj/ril/src/ril_alarm.o
 .text          0x0000000088310040        0x0 build/gcc/obj/ril/src/ril_util.o
 .text          0x0000000088310040        0x0 build/gcc/obj/ril/src/ril_mqtt.o
 .text          0x0000000088310040        0x0 build/gcc/obj/example/example_location2.o
 .text          0x0000000088310040        0x0 build/gcc/obj/example/example_dfota_ftp.o
 .text          0x0000000088310040        0x0 build/gcc/obj/example/example_sms.o
 .text          0x0000000088310040        0x0 build/gcc/obj/example/example_tcp_demo.o
 .text          0x0000000088310040        0x0 build/gcc/obj/example/example_spi.o
 .text          0x0000000088310040        0x0 build/gcc/obj/example/example_system.o
 .text          0x0000000088310040        0x0 build/gcc/obj/example/example_tcpclient.o
 .text          0x0000000088310040        0x0 build/gcc/obj/example/example_http.o
 .text          0x0000000088310040        0x0 build/gcc/obj/example/example_dfota_http.o
 .text          0x0000000088310040        0x0 build/gcc/obj/example/example_ftp.o
 .text          0x0000000088310040        0x0 build/gcc/obj/example/example_float_math.o
 .text          0x0000000088310040        0x0 build/gcc/obj/example/example_call.o
 .text          0x0000000088310040        0x0 build/gcc/obj/example/example_memory.o
 .text          0x0000000088310040        0x0 build/gcc/obj/example/example_udpserver.o
 .text          0x0000000088310040        0x0 build/gcc/obj/example/example_multitask.o
 .text          0x0000000088310040        0x0 build/gcc/obj/example/example_gpio.o
 .text          0x0000000088310040        0x0 build/gcc/obj/example/example_adc.o
 .text          0x0000000088310040        0x0 build/gcc/obj/example/debug.o
 .text          0x0000000088310040        0x0 build/gcc/obj/example/example_clk.o
 .text          0x0000000088310040        0x0 build/gcc/obj/example/example_transpass.o
 .text          0x0000000088310040        0x0 build/gcc/obj/example/example_alarm.o
 .text          0x0000000088310040        0x0 build/gcc/obj/example/example_multitask_port.o
 .text          0x0000000088310040        0x0 build/gcc/obj/example/example_time.o
 .text          0x0000000088310040        0x0 build/gcc/obj/example/example_watchdog.o
 .text          0x0000000088310040        0x0 build/gcc/obj/example/example_timer.o
 .text          0x0000000088310040        0x0 build/gcc/obj/example/example_udpclient.o
 .text          0x0000000088310040        0x0 build/gcc/obj/example/example_mqtt.o
 .text          0x0000000088310040        0x0 build/gcc/obj/example/example_audio.o
 .text          0x0000000088310040        0x0 build/gcc/obj/example/example_tcpserver.o
 .text          0x0000000088310040        0x0 build/gcc/obj/example/example_eint.o
 .text          0x0000000088310040        0x0 build/gcc/obj/example/example_file.o
 .text          0x0000000088310040        0x0 build/gcc/obj/example/example_iic.o
 .text          0x0000000088310040        0x0 build/gcc/obj/example/example_location.o
 .text          0x0000000088310040        0x0 build/gcc/obj/custom/main.o
 .text          0x0000000088310040        0x0 build/gcc/obj/custom/dfota/src/dfota_main.o
 .text          0x0000000088310040        0x0 build/gcc/obj/custom/dfota/src/dfota_ftp.o
 .text          0x0000000088310040        0x0 build/gcc/obj/custom/dfota/src/dfota_http_code.o
 .text          0x0000000088310040        0x0 build/gcc/obj/custom/dfota/src/dfota_http.o
 .text          0x0000000088310040        0x0 libs/gcc/app_start.lib(timer.o)
 .text          0x0000000088310040        0x0 libs/gcc/app_start.lib(gprs.o)
 .text          0x0000000088310040        0x0 libs/gcc/app_start.lib(ql_func.o)
 .text          0x0000000088310040        0x0 libs/gcc/app_start.lib(taskMngt.o)
 .text          0x0000000088310040        0x0 libs/gcc/app_start.lib(fota.o)
 .text          0x0000000088310040        0x0 libs/gcc/app_start.lib(ql_main.o)
 .text          0x0000000088310040        0x0 libs/gcc/app_start.lib(memory.o)
 .text          0x0000000088310040        0x0 libs/gcc/app_start.lib(ril_main.o)
 .text          0x0000000088310040        0x0 libs/gcc/app_start.lib(ril_aux.o)
 .text          0x0000000088310040        0x0 libs/gcc/app_start.lib(ocpi_init.o)
 .text          0x0000000088310040        0x0 libs/gcc/app_start.lib(fileSys.o)
 .text          0x0000000088310040        0x0 libs/gcc/app_start.lib(lib_ril_sms.o)
 .text          0x0000000088310040        0x0 libs/gcc/app_start.lib(stdlib_func.o)
 .text          0x0000000088310040        0x0 libs/gcc/app_start.lib(system.o)
 .text          0x0000000088310040        0x0 libs/gcc/app_start.lib(uart.o)
 .text          0x0000000088310040        0x0 libs/gcc/app_start.lib(socket.o)
 .text          0x0000000088310040       0x64 C:\CSDTK4\/mips-elf-4.4.2/lib/gcc/mips-elf/4.4.2/libgcc.a(_df_to_si.o)
                0x0000000088310041                __fixdfsi
 .text          0x00000000883100a4       0x3c C:\CSDTK4\/mips-elf-4.4.2/lib/gcc/mips-elf/4.4.2/libgcc.a(_df_to_sf.o)
                0x00000000883100a5                __truncdfsf2
 .text          0x00000000883100e0       0x3c C:\CSDTK4\/mips-elf-4.4.2/lib/gcc/mips-elf/4.4.2/libgcc.a(_lshrdi3.o)
                0x00000000883100e1                __lshrdi3
 .text          0x000000008831011c       0x18 C:\CSDTK4\/mips-elf-4.4.2/lib/gcc/mips-elf/4.4.2/libgcc.a(_make_sf.o)
                0x000000008831011d                __make_fp
 .text          0x0000000088310134       0xac C:\CSDTK4\/mips-elf-4.4.2/lib/gcc/mips-elf/4.4.2/libgcc.a(_unpack_df.o)
                0x0000000088310135                __unpack_d
 .text          0x00000000883101e0       0xc4 C:\CSDTK4\/mips-elf-4.4.2/lib/gcc/mips-elf/4.4.2/libgcc.a(_pack_sf.o)
                0x00000000883101e1                __pack_f
                0x00000000883102b0                . = ALIGN (0x10)
 *fill*         0x00000000883102a4        0xc 00

.text.Ql_WTD_GetWDIPinCfg
                0x00000000883102b0        0xc
 .text.Ql_WTD_GetWDIPinCfg
                0x00000000883102b0        0xc build/gcc/obj/custom/config/custom_sys_cfg.o
                0x00000000883102b1                Ql_WTD_GetWDIPinCfg

.text.RIL_AUD_RegisterPlayCB
                0x00000000883102bc       0x14
 .text.RIL_AUD_RegisterPlayCB
                0x00000000883102bc       0x14 build/gcc/obj/ril/src/ril_audio.o
                0x00000000883102bd                RIL_AUD_RegisterPlayCB

.text.RIL_AUD_GetRecordState
                0x00000000883102d0       0x5c
 .text.RIL_AUD_GetRecordState
                0x00000000883102d0       0x5c build/gcc/obj/ril/src/ril_audio.o
                0x00000000883102d1                RIL_AUD_GetRecordState

.text.RIL_AUD_StopPlayMemBg
                0x000000008831032c       0x40
 .text.RIL_AUD_StopPlayMemBg
                0x000000008831032c       0x40 build/gcc/obj/ril/src/ril_audio.o
                0x000000008831032d                RIL_AUD_StopPlayMemBg

.text.RIL_AUD_PlayMemBg
                0x000000008831036c       0x68
 .text.RIL_AUD_PlayMemBg
                0x000000008831036c       0x68 build/gcc/obj/ril/src/ril_audio.o
                0x000000008831036d                RIL_AUD_PlayMemBg

.text.RIL_AUD_StopPlayMem
                0x00000000883103d4       0x48
 .text.RIL_AUD_StopPlayMem
                0x00000000883103d4       0x48 build/gcc/obj/ril/src/ril_audio.o
                0x00000000883103d5                RIL_AUD_StopPlayMem

.text.RIL_AUD_PlayMem
                0x000000008831041c       0x68
 .text.RIL_AUD_PlayMem
                0x000000008831041c       0x68 build/gcc/obj/ril/src/ril_audio.o
                0x000000008831041d                RIL_AUD_PlayMem

.text.RIL_AUD_StopRecord
                0x0000000088310484       0x48
 .text.RIL_AUD_StopRecord
                0x0000000088310484       0x48 build/gcc/obj/ril/src/ril_audio.o
                0x0000000088310485                RIL_AUD_StopRecord

.text.RIL_AUD_StartRecord
                0x00000000883104cc       0x78
 .text.RIL_AUD_StartRecord
                0x00000000883104cc       0x78 build/gcc/obj/ril/src/ril_audio.o
                0x00000000883104cd                RIL_AUD_StartRecord

.text.RIL_AUD_StopPlay
                0x0000000088310544       0x48
 .text.RIL_AUD_StopPlay
                0x0000000088310544       0x48 build/gcc/obj/ril/src/ril_audio.o
                0x0000000088310545                RIL_AUD_StopPlay

.text.RIL_AUD_GetVolume
                0x000000008831058c       0x4c
 .text.RIL_AUD_GetVolume
                0x000000008831058c       0x4c build/gcc/obj/ril/src/ril_audio.o
                0x000000008831058d                RIL_AUD_GetVolume

.text.RIL_AUD_SetVolume
                0x00000000883105d8       0x4c
 .text.RIL_AUD_SetVolume
                0x00000000883105d8       0x4c build/gcc/obj/ril/src/ril_audio.o
                0x00000000883105d9                RIL_AUD_SetVolume

.text.RIL_AUD_SetChannel
                0x0000000088310624       0x50
 .text.RIL_AUD_SetChannel
                0x0000000088310624       0x50 build/gcc/obj/ril/src/ril_audio.o
                0x0000000088310625                RIL_AUD_SetChannel

.text.RIL_AUD_GetChannel
                0x0000000088310674       0x4c
 .text.RIL_AUD_GetChannel
                0x0000000088310674       0x4c build/gcc/obj/ril/src/ril_audio.o
                0x0000000088310675                RIL_AUD_GetChannel

.text.RIL_AUD_PlayFile
                0x00000000883106c0       0x88
 .text.RIL_AUD_PlayFile
                0x00000000883106c0       0x88 build/gcc/obj/ril/src/ril_audio.o
                0x00000000883106c1                RIL_AUD_PlayFile

.text.ATResponse_AUD_handler
                0x0000000088310748       0xec
 .text.ATResponse_AUD_handler
                0x0000000088310748       0xec build/gcc/obj/ril/src/ril_audio.o

.text.Ql_RIL_RcvDataFrmCore
                0x0000000088310834       0x18
 .text.Ql_RIL_RcvDataFrmCore
                0x0000000088310834       0x18 build/gcc/obj/ril/src/ril_custom.o
                0x0000000088310835                Ql_RIL_RcvDataFrmCore

.text.RIL_HTTP_ReadResponse
                0x000000008831084c       0x68
 .text.RIL_HTTP_ReadResponse
                0x000000008831084c       0x68 build/gcc/obj/ril/src/ril_http.o
                0x000000008831084d                RIL_HTTP_ReadResponse

.text.RIL_HTTP_RequestToPost
                0x00000000883108b4       0x74
 .text.RIL_HTTP_RequestToPost
                0x00000000883108b4       0x74 build/gcc/obj/ril/src/ril_http.o
                0x00000000883108b5                RIL_HTTP_RequestToPost

.text.RIL_HTTP_RequestToGet
                0x0000000088310928       0x58
 .text.RIL_HTTP_RequestToGet
                0x0000000088310928       0x58 build/gcc/obj/ril/src/ril_http.o
                0x0000000088310929                RIL_HTTP_RequestToGet

.text.RIL_HTTP_SetServerURL
                0x0000000088310980       0x74
 .text.RIL_HTTP_SetServerURL
                0x0000000088310980       0x74 build/gcc/obj/ril/src/ril_http.o
                0x0000000088310981                RIL_HTTP_SetServerURL

.text.RIL_HTTP_DownloadFile
                0x00000000883109f4       0x70
 .text.RIL_HTTP_DownloadFile
                0x00000000883109f4       0x70 build/gcc/obj/ril/src/ril_http.o
                0x00000000883109f5                RIL_HTTP_DownloadFile

.text.ATRsp_QHTTP_Handler
                0x0000000088310a64       0xb8
 .text.ATRsp_QHTTP_Handler
                0x0000000088310a64       0xb8 build/gcc/obj/ril/src/ril_http.o

.text.OnURCHandler_HTTP
                0x0000000088310b1c       0x48
 .text.OnURCHandler_HTTP
                0x0000000088310b1c       0x48 build/gcc/obj/ril/src/ril_urc.o

.text.OnURCHandler_AudPlayInd
                0x0000000088310b64       0x34
 .text.OnURCHandler_AudPlayInd
                0x0000000088310b64       0x34 build/gcc/obj/ril/src/ril_urc.o

.text.Ql_RIL_IsURCStr
                0x0000000088310b98       0x54
 .text.Ql_RIL_IsURCStr
                0x0000000088310b98       0x54 build/gcc/obj/ril/src/ril_urc.o
                0x0000000088310b99                Ql_RIL_IsURCStr

.text.OnURCHandler_MQTT_DISC
                0x0000000088310bec       0xac
 .text.OnURCHandler_MQTT_DISC
                0x0000000088310bec       0xac build/gcc/obj/ril/src/ril_urc.o

.text.OnURCHandler_MQTT_CLOSE
                0x0000000088310c98       0xac
 .text.OnURCHandler_MQTT_CLOSE
                0x0000000088310c98       0xac build/gcc/obj/ril/src/ril_urc.o

.text.OnURCHandler_MQTT_STATE
                0x0000000088310d44       0x8c
 .text.OnURCHandler_MQTT_STATE
                0x0000000088310d44       0x8c build/gcc/obj/ril/src/ril_urc.o

.text.OnURCHandler_MQTT_TUNS
                0x0000000088310dd0       0xac
 .text.OnURCHandler_MQTT_TUNS
                0x0000000088310dd0       0xac build/gcc/obj/ril/src/ril_urc.o

.text.OnURCHandler_MQTT_PUB
                0x0000000088310e7c       0xcc
 .text.OnURCHandler_MQTT_PUB
                0x0000000088310e7c       0xcc build/gcc/obj/ril/src/ril_urc.o

.text.OnURCHandler_MQTT_SUB
                0x0000000088310f48       0xfc
 .text.OnURCHandler_MQTT_SUB
                0x0000000088310f48       0xfc build/gcc/obj/ril/src/ril_urc.o

.text.OnURCHandler_MQTT_CONN
                0x0000000088311044       0xb4
 .text.OnURCHandler_MQTT_CONN
                0x0000000088311044       0xb4 build/gcc/obj/ril/src/ril_urc.o

.text.OnURCHandler_MQTT_OPEN
                0x00000000883110f8       0x8c
 .text.OnURCHandler_MQTT_OPEN
                0x00000000883110f8       0x8c build/gcc/obj/ril/src/ril_urc.o

.text.OnURCHandler_AlarmRing
                0x0000000088311184       0x18
 .text.OnURCHandler_AlarmRing
                0x0000000088311184       0x18 build/gcc/obj/ril/src/ril_urc.o

.text.OnURCHandler_InitStat
                0x000000008831119c       0x3c
 .text.OnURCHandler_InitStat
                0x000000008831119c       0x3c build/gcc/obj/ril/src/ril_urc.o

.text.OnURCHandler
                0x00000000883111d8       0x78
 .text.OnURCHandler
                0x00000000883111d8       0x78 build/gcc/obj/ril/src/ril_urc.o
                0x00000000883111d9                OnURCHandler

.text.OnURCHandler_FTP_Upload
                0x0000000088311250       0x74
 .text.OnURCHandler_FTP_Upload
                0x0000000088311250       0x74 build/gcc/obj/ril/src/ril_urc.o

.text.OnURCHandler_FTP_Download
                0x00000000883112c4       0x74
 .text.OnURCHandler_FTP_Download
                0x00000000883112c4       0x74 build/gcc/obj/ril/src/ril_urc.o

.text.OnURCHandler_CFUN
                0x0000000088311338       0x64
 .text.OnURCHandler_CFUN
                0x0000000088311338       0x64 build/gcc/obj/ril/src/ril_urc.o

.text.OnURCHandler_Voltage
                0x000000008831139c       0x5c
 .text.OnURCHandler_Voltage
                0x000000008831139c       0x5c build/gcc/obj/ril/src/ril_urc.o

.text.OnURCHandler_Network
                0x00000000883113f8       0xd4
 .text.OnURCHandler_Network
                0x00000000883113f8       0xd4 build/gcc/obj/ril/src/ril_urc.o

.text.OnURCHandler_Call
                0x00000000883114cc      0x184
 .text.OnURCHandler_Call
                0x00000000883114cc      0x184 build/gcc/obj/ril/src/ril_urc.o

.text.OnURCHandler_SIM
                0x0000000088311650       0x90
 .text.OnURCHandler_SIM
                0x0000000088311650       0x90 build/gcc/obj/ril/src/ril_urc.o

.text.OnURCHandler_SMS
                0x00000000883116e0       0xac
 .text.OnURCHandler_SMS
                0x00000000883116e0       0xac build/gcc/obj/ril/src/ril_urc.o

.text.Ql_RIL_AT_GetErrCode
                0x000000008831178c        0xc
 .text.Ql_RIL_AT_GetErrCode
                0x000000008831178c        0xc build/gcc/obj/ril/src/ril_atResponse.o
                0x000000008831178d                Ql_RIL_AT_GetErrCode

.text.Ql_RIL_AT_SetErrCode
                0x0000000088311798        0xc
 .text.Ql_RIL_AT_SetErrCode
                0x0000000088311798        0xc build/gcc/obj/ril/src/ril_atResponse.o
                0x0000000088311799                Ql_RIL_AT_SetErrCode

.text.Default_atRsp_callback
                0x00000000883117a4       0x80
 .text.Default_atRsp_callback
                0x00000000883117a4       0x80 build/gcc/obj/ril/src/ril_atResponse.o
                0x00000000883117a5                Default_atRsp_callback

.text.RIL_Parse_value
                0x0000000088311824       0x70
 .text.RIL_Parse_value
                0x0000000088311824       0x70 build/gcc/obj/ril/src/ril_network.o
                0x0000000088311825                RIL_Parse_value

.text.RIL_NW_GetOperator
                0x0000000088311894       0x4c
 .text.RIL_NW_GetOperator
                0x0000000088311894       0x4c build/gcc/obj/ril/src/ril_network.o
                0x0000000088311895                RIL_NW_GetOperator

.text.RIL_NW_ClosePDPContext
                0x00000000883118e0       0x44
 .text.RIL_NW_ClosePDPContext
                0x00000000883118e0       0x44 build/gcc/obj/ril/src/ril_network.o
                0x00000000883118e1                RIL_NW_ClosePDPContext

.text.RIL_NW_GetIPStatus
                0x0000000088311924       0x28
 .text.RIL_NW_GetIPStatus
                0x0000000088311924       0x28 build/gcc/obj/ril/src/ril_network.o
                0x0000000088311925                RIL_NW_GetIPStatus

.text.RIL_NW_GetGPRSState
                0x000000008831194c       0x4c
 .text.RIL_NW_GetGPRSState
                0x000000008831194c       0x4c build/gcc/obj/ril/src/ril_network.o
                0x000000008831194d                RIL_NW_GetGPRSState

.text.RIL_NW_GetGSMState
                0x0000000088311998       0x50
 .text.RIL_NW_GetGSMState
                0x0000000088311998       0x50 build/gcc/obj/ril/src/ril_network.o
                0x0000000088311999                RIL_NW_GetGSMState

.text.ATRsp_COPS_Handler
                0x00000000883119e8       0xa8
 .text.ATRsp_COPS_Handler
                0x00000000883119e8       0xa8 build/gcc/obj/ril/src/ril_network.o

.text.ATRsp_QIDEACT_Hdlr
                0x0000000088311a90       0x40
 .text.ATRsp_QIDEACT_Hdlr
                0x0000000088311a90       0x40 build/gcc/obj/ril/src/ril_network.o

.text.ATResponse_CSQ_Handler
                0x0000000088311ad0       0x70
 .text.ATResponse_CSQ_Handler
                0x0000000088311ad0       0x70 build/gcc/obj/ril/src/ril_network.o

.text.ATResponse_CGREG_Handler
                0x0000000088311b40       0x74
 .text.ATResponse_CGREG_Handler
                0x0000000088311b40       0x74 build/gcc/obj/ril/src/ril_network.o

.text.ATResponse_CREG_Handler
                0x0000000088311bb4       0x74
 .text.ATResponse_CREG_Handler
                0x0000000088311bb4       0x74 build/gcc/obj/ril/src/ril_network.o

.text.RIL_NW_OpenPDPContext
                0x0000000088311c28       0x6c
 .text.RIL_NW_OpenPDPContext
                0x0000000088311c28       0x6c build/gcc/obj/ril/src/ril_network.o
                0x0000000088311c29                RIL_NW_OpenPDPContext

.text.RIL_NW_SetAPN
                0x0000000088311c94       0x90
 .text.RIL_NW_SetAPN
                0x0000000088311c94       0x90 build/gcc/obj/ril/src/ril_network.o
                0x0000000088311c95                RIL_NW_SetAPN

.text.RIL_NW_SetGPRSContext
                0x0000000088311d24       0x4c
 .text.RIL_NW_SetGPRSContext
                0x0000000088311d24       0x4c build/gcc/obj/ril/src/ril_network.o
                0x0000000088311d25                RIL_NW_SetGPRSContext

.text.RIL_NW_GetSignalQuality
                0x0000000088311d70       0x5c
 .text.RIL_NW_GetSignalQuality
                0x0000000088311d70       0x5c build/gcc/obj/ril/src/ril_network.o
                0x0000000088311d71                RIL_NW_GetSignalQuality

.text.RIL_NW_GetIpStatusByName
                0x0000000088311dcc       0xdc
 .text.RIL_NW_GetIpStatusByName
                0x0000000088311dcc       0xdc build/gcc/obj/ril/src/ril_network.o
                0x0000000088311dcd                RIL_NW_GetIpStatusByName

.text.ATResponse_IPStatus_Handler
                0x0000000088311ea8       0xa4
 .text.ATResponse_IPStatus_Handler
                0x0000000088311ea8       0xa4 build/gcc/obj/ril/src/ril_network.o

.text.OnURCHandler_QCELLLocation
                0x0000000088311f4c       0xd0
 .text.OnURCHandler_QCELLLocation
                0x0000000088311f4c       0xd0 build/gcc/obj/ril/src/ril_location.o
                0x0000000088311f4d                OnURCHandler_QCELLLocation

.text.RIL_GetLocationByCell
                0x000000008831201c       0x94
 .text.RIL_GetLocationByCell
                0x000000008831201c       0x94 build/gcc/obj/ril/src/ril_location.o
                0x000000008831201d                RIL_GetLocationByCell

.text.RIL_GetLocation_Ex
                0x00000000883120b0       0x9c
 .text.RIL_GetLocation_Ex
                0x00000000883120b0       0x9c build/gcc/obj/ril/src/ril_location.o
                0x00000000883120b1                RIL_GetLocation_Ex

.text.RIL_GetLocation
                0x000000008831214c       0x84
 .text.RIL_GetLocation
                0x000000008831214c       0x84 build/gcc/obj/ril/src/ril_location.o
                0x000000008831214d                RIL_GetLocation

.text.ATResponse_GetLocation_Ex_Handler
                0x00000000883121d0       0xc0
 .text.ATResponse_GetLocation_Ex_Handler
                0x00000000883121d0       0xc0 build/gcc/obj/ril/src/ril_location.o

.text.RIL_NTP_START
                0x0000000088312290       0x68
 .text.RIL_NTP_START
                0x0000000088312290       0x68 build/gcc/obj/ril/src/ril_ntp.o
                0x0000000088312291                RIL_NTP_START

.text.OnURCHandler_NTPCMD
                0x00000000883122f8       0x44
 .text.OnURCHandler_NTPCMD
                0x00000000883122f8       0x44 build/gcc/obj/ril/src/ril_ntp.o
                0x00000000883122f9                OnURCHandler_NTPCMD

.text.RIL_Telephony_Hangup
                0x000000008831233c       0x20
 .text.RIL_Telephony_Hangup
                0x000000008831233c       0x20 build/gcc/obj/ril/src/ril_telephony.o
                0x000000008831233d                RIL_Telephony_Hangup

.text.RIL_Telephony_Answer
                0x000000008831235c       0x24
 .text.RIL_Telephony_Answer
                0x000000008831235c       0x24 build/gcc/obj/ril/src/ril_telephony.o
                0x000000008831235d                RIL_Telephony_Answer

.text.Telephony_Answer_AT_handler
                0x0000000088312380       0x74
 .text.Telephony_Answer_AT_handler
                0x0000000088312380       0x74 build/gcc/obj/ril/src/ril_telephony.o

.text.Telephony_Dial_AT_handler
                0x00000000883123f4       0x9c
 .text.Telephony_Dial_AT_handler
                0x00000000883123f4       0x9c build/gcc/obj/ril/src/ril_telephony.o

.text.RIL_Telephony_Dial
                0x0000000088312490       0x5c
 .text.RIL_Telephony_Dial
                0x0000000088312490       0x5c build/gcc/obj/ril/src/ril_telephony.o
                0x0000000088312491                RIL_Telephony_Dial

.text.ADP_SMS_ConvIdxToCoreIdx
                0x00000000883124ec       0x14
 .text.ADP_SMS_ConvIdxToCoreIdx
                0x00000000883124ec       0x14 build/gcc/obj/ril/src/ril_sms.o

.text.CmdGetStorageInfo
                0x0000000088312500       0x88
 .text.CmdGetStorageInfo
                0x0000000088312500       0x88 build/gcc/obj/ril/src/ril_sms.o

.text.RIL_SMS_DeleteSMS
                0x0000000088312588       0xa4
 .text.RIL_SMS_DeleteSMS
                0x0000000088312588       0xa4 build/gcc/obj/ril/src/ril_sms.o
                0x0000000088312589                RIL_SMS_DeleteSMS

.text.CmdReadPDUMsg
                0x000000008831262c       0xb0
 .text.CmdReadPDUMsg
                0x000000008831262c       0xb0 build/gcc/obj/ril/src/ril_sms.o

.text.RIL_SMS_GetStorage
                0x00000000883126dc       0x10
 .text.RIL_SMS_GetStorage
                0x00000000883126dc       0x10 build/gcc/obj/ril/src/ril_sms.o
                0x00000000883126dd                RIL_SMS_GetStorage

.text.RIL_SMS_SetStorage
                0x00000000883126ec       0xa0
 .text.RIL_SMS_SetStorage
                0x00000000883126ec       0xa0 build/gcc/obj/ril/src/ril_sms.o
                0x00000000883126ed                RIL_SMS_SetStorage

.text.ConvStringToPhoneNumber
                0x000000008831278c       0xa0
 .text.ConvStringToPhoneNumber
                0x000000008831278c       0xa0 build/gcc/obj/ril/src/ril_sms.o

.text.SMS_CMD_GeneralHandler
                0x000000008831282c      0x2b8
 .text.SMS_CMD_GeneralHandler
                0x000000008831282c      0x2b8 build/gcc/obj/ril/src/ril_sms.o

.text.RIL_SMS_ReadSMS_PDU
                0x0000000088312ae4       0x80
 .text.RIL_SMS_ReadSMS_PDU
                0x0000000088312ae4       0x80 build/gcc/obj/ril/src/ril_sms.o
                0x0000000088312ae5                RIL_SMS_ReadSMS_PDU

.text.CmdSendPDUMsg
                0x0000000088312b64       0xdc
 .text.CmdSendPDUMsg
                0x0000000088312b64       0xdc build/gcc/obj/ril/src/ril_sms.o

.text.RIL_SMS_SendSMS_Text_Ext
                0x0000000088312c40      0x1bc
 .text.RIL_SMS_SendSMS_Text_Ext
                0x0000000088312c40      0x1bc build/gcc/obj/ril/src/ril_sms.o
                0x0000000088312c41                RIL_SMS_SendSMS_Text_Ext

.text.RIL_SMS_SendSMS_Text
                0x0000000088312dfc      0x16c
 .text.RIL_SMS_SendSMS_Text
                0x0000000088312dfc      0x16c build/gcc/obj/ril/src/ril_sms.o
                0x0000000088312dfd                RIL_SMS_SendSMS_Text

.text.RIL_SMS_SendSMS_PDU
                0x0000000088312f68       0x64
 .text.RIL_SMS_SendSMS_PDU
                0x0000000088312f68       0x64 build/gcc/obj/ril/src/ril_sms.o
                0x0000000088312f69                RIL_SMS_SendSMS_PDU

.text.T.94      0x0000000088312fcc       0x6c
 .text.T.94     0x0000000088312fcc       0x6c build/gcc/obj/ril/src/ril_sms.o

.text.RIL_SMS_ReadSMS_Text
                0x0000000088313038      0x24c
 .text.RIL_SMS_ReadSMS_Text
                0x0000000088313038      0x24c build/gcc/obj/ril/src/ril_sms.o
                0x0000000088313039                RIL_SMS_ReadSMS_Text

.text.QSDK_Get_Str
                0x0000000088313284       0x90
 .text.QSDK_Get_Str
                0x0000000088313284       0x90 build/gcc/obj/ril/src/ril_system.o
                0x0000000088313285                QSDK_Get_Str

.text.RIL_GetIMEI
                0x0000000088313314       0x48
 .text.RIL_GetIMEI
                0x0000000088313314       0x48 build/gcc/obj/ril/src/ril_system.o
                0x0000000088313315                RIL_GetIMEI

.text.RIL_GetPowerSupply
                0x000000008831335c       0x38
 .text.RIL_GetPowerSupply
                0x000000008831335c       0x38 build/gcc/obj/ril/src/ril_system.o
                0x000000008831335d                RIL_GetPowerSupply

.text.RIL_QuerySysInitStatus
                0x0000000088313394       0x24
 .text.RIL_QuerySysInitStatus
                0x0000000088313394       0x24 build/gcc/obj/ril/src/ril_system.o
                0x0000000088313395                RIL_QuerySysInitStatus

.text.ATRsp_IMEI_Handler
                0x00000000883133b8       0x5c
 .text.ATRsp_IMEI_Handler
                0x00000000883133b8       0x5c build/gcc/obj/ril/src/ril_system.o

.text.Power_ATResponse_Hanlder
                0x0000000088313414       0xf0
 .text.Power_ATResponse_Hanlder
                0x0000000088313414       0xf0 build/gcc/obj/ril/src/ril_system.o

.text.SYS_ATResponse_Hanlder
                0x0000000088313504       0xa8
 .text.SYS_ATResponse_Hanlder
                0x0000000088313504       0xa8 build/gcc/obj/ril/src/ril_system.o

.text.OnURCHandler_QWDTMF
                0x00000000883135ac       0x60
 .text.OnURCHandler_QWDTMF
                0x00000000883135ac       0x60 build/gcc/obj/ril/src/Ril_dtmf.o
                0x00000000883135ad                OnURCHandler_QWDTMF

.text.OnURCHandler_QToneDet
                0x000000008831360c       0x9c
 .text.OnURCHandler_QToneDet
                0x000000008831360c       0x9c build/gcc/obj/ril/src/Ril_dtmf.o
                0x000000008831360d                OnURCHandler_QToneDet

.text.RIL_WDTMF_Send
                0x00000000883136a8       0x70
 .text.RIL_WDTMF_Send
                0x00000000883136a8       0x70 build/gcc/obj/ril/src/Ril_dtmf.o
                0x00000000883136a9                RIL_WDTMF_Send

.text.RIL_ToneDet_Get
                0x0000000088313718       0x70
 .text.RIL_ToneDet_Get
                0x0000000088313718       0x70 build/gcc/obj/ril/src/Ril_dtmf.o
                0x0000000088313719                RIL_ToneDet_Get

.text.RIL_ToneDet_Set
                0x0000000088313788       0x6c
 .text.RIL_ToneDet_Set
                0x0000000088313788       0x6c build/gcc/obj/ril/src/Ril_dtmf.o
                0x0000000088313789                RIL_ToneDet_Set

.text.RIL_ToneDet_Close
                0x00000000883137f4       0x44
 .text.RIL_ToneDet_Close
                0x00000000883137f4       0x44 build/gcc/obj/ril/src/Ril_dtmf.o
                0x00000000883137f5                RIL_ToneDet_Close

.text.RIL_ToneDet_Open
                0x0000000088313838       0x4c
 .text.RIL_ToneDet_Open
                0x0000000088313838       0x4c build/gcc/obj/ril/src/Ril_dtmf.o
                0x0000000088313839                RIL_ToneDet_Open

.text.ATResponse_Handler
                0x0000000088313884       0xf0
 .text.ATResponse_Handler
                0x0000000088313884       0x94 build/gcc/obj/ril/src/Ril_dtmf.o
 .text.ATResponse_Handler
                0x0000000088313918       0x5c build/gcc/obj/ril/src/ril_mqtt.o

.text.RIL_SIM_GetCCID
                0x0000000088313974       0x50
 .text.RIL_SIM_GetCCID
                0x0000000088313974       0x50 build/gcc/obj/ril/src/ril_sim.o
                0x0000000088313975                RIL_SIM_GetCCID

.text.RIL_SIM_GetIMSI
                0x00000000883139c4       0x50
 .text.RIL_SIM_GetIMSI
                0x00000000883139c4       0x50 build/gcc/obj/ril/src/ril_sim.o
                0x00000000883139c5                RIL_SIM_GetIMSI

.text.RIL_SIM_GetSimState
                0x0000000088313a14       0x50
 .text.RIL_SIM_GetSimState
                0x0000000088313a14       0x50 build/gcc/obj/ril/src/ril_sim.o
                0x0000000088313a15                RIL_SIM_GetSimState

.text.ATRsp_CCID_Handler
                0x0000000088313a64       0xa8
 .text.ATRsp_CCID_Handler
                0x0000000088313a64       0xa8 build/gcc/obj/ril/src/ril_sim.o

.text.ATRsp_IMSI_Handler
                0x0000000088313b0c       0x5c
 .text.ATRsp_IMSI_Handler
                0x0000000088313b0c       0x5c build/gcc/obj/ril/src/ril_sim.o

.text.RIL_SIM_GetSimStateByName
                0x0000000088313b68       0xd0
 .text.RIL_SIM_GetSimStateByName
                0x0000000088313b68       0xd0 build/gcc/obj/ril/src/ril_sim.o
                0x0000000088313b69                RIL_SIM_GetSimStateByName

.text.ATResponse_CPIN_Handler
                0x0000000088313c38       0xe8
 .text.ATResponse_CPIN_Handler
                0x0000000088313c38       0xe8 build/gcc/obj/ril/src/ril_sim.o

.text.RIL_QLBS_Loc
                0x0000000088313d20       0x4c
 .text.RIL_QLBS_Loc
                0x0000000088313d20       0x4c build/gcc/obj/ril/src/ril_location2.o
                0x0000000088313d21                RIL_QLBS_Loc

.text.RIL_QLBS_Cfg
                0x0000000088313d6c       0xcc
 .text.RIL_QLBS_Cfg
                0x0000000088313d6c       0xcc build/gcc/obj/ril/src/ril_location2.o
                0x0000000088313d6d                RIL_QLBS_Cfg

.text.RIL_QLBS_Loc_Ex
                0x0000000088313e38       0x7c
 .text.RIL_QLBS_Loc_Ex
                0x0000000088313e38       0x7c build/gcc/obj/ril/src/ril_location2.o
                0x0000000088313e39                RIL_QLBS_Loc_Ex

.text.ATResponse_Qlbs_Ex_Handler
                0x0000000088313eb4      0x150
 .text.ATResponse_Qlbs_Ex_Handler
                0x0000000088313eb4      0x150 build/gcc/obj/ril/src/ril_location2.o

.text.OnURCHandler_QLBS
                0x0000000088314004      0x184
 .text.OnURCHandler_QLBS
                0x0000000088314004      0x184 build/gcc/obj/ril/src/ril_location2.o
                0x0000000088314005                OnURCHandler_QLBS

.text.RIL_GetInitCmdCnt
                0x0000000088314188        0x4
 .text.RIL_GetInitCmdCnt
                0x0000000088314188        0x4 build/gcc/obj/ril/src/ril_init.o
                0x0000000088314189                RIL_GetInitCmdCnt

.text.RIL_GetLimitedCmdCnt
                0x000000008831418c        0x4
 .text.RIL_GetLimitedCmdCnt
                0x000000008831418c        0x4 build/gcc/obj/ril/src/ril_init.o
                0x000000008831418d                RIL_GetLimitedCmdCnt

.text.RIL_FTP_QIDEACT
                0x0000000088314190       0x2c
 .text.RIL_FTP_QIDEACT
                0x0000000088314190       0x2c build/gcc/obj/ril/src/ril_ftp.o
                0x0000000088314191                RIL_FTP_QIDEACT

.text.Callback_QIDEACT
                0x00000000883141bc       0x40
 .text.Callback_QIDEACT
                0x00000000883141bc       0x40 build/gcc/obj/ril/src/ril_ftp.o

.text.RIL_FTP_QFTPRMDIR
                0x00000000883141fc       0x64
 .text.RIL_FTP_QFTPRMDIR
                0x00000000883141fc       0x64 build/gcc/obj/ril/src/ril_ftp.o
                0x00000000883141fd                RIL_FTP_QFTPRMDIR

.text.RIL_FTP_QFTPMKDIR
                0x0000000088314260       0x64
 .text.RIL_FTP_QFTPMKDIR
                0x0000000088314260       0x64 build/gcc/obj/ril/src/ril_ftp.o
                0x0000000088314261                RIL_FTP_QFTPMKDIR

.text.RIL_FTP_QFTPDELETE
                0x00000000883142c4       0x64
 .text.RIL_FTP_QFTPDELETE
                0x00000000883142c4       0x64 build/gcc/obj/ril/src/ril_ftp.o
                0x00000000883142c5                RIL_FTP_QFTPDELETE

.text.RIL_FTP_QFTPSIZE
                0x0000000088314328       0x70
 .text.RIL_FTP_QFTPSIZE
                0x0000000088314328       0x70 build/gcc/obj/ril/src/ril_ftp.o
                0x0000000088314329                RIL_FTP_QFTPSIZE

.text.RIL_FTP_QFTPRENAME
                0x0000000088314398       0x6c
 .text.RIL_FTP_QFTPRENAME
                0x0000000088314398       0x6c build/gcc/obj/ril/src/ril_ftp.o
                0x0000000088314399                RIL_FTP_QFTPRENAME

.text.RIL_FTP_QFTPLEN
                0x0000000088314404       0x60
 .text.RIL_FTP_QFTPLEN
                0x0000000088314404       0x60 build/gcc/obj/ril/src/ril_ftp.o
                0x0000000088314405                RIL_FTP_QFTPLEN

.text.RIL_FTP_QFTPSTAT
                0x0000000088314464       0x60
 .text.RIL_FTP_QFTPSTAT
                0x0000000088314464       0x60 build/gcc/obj/ril/src/ril_ftp.o
                0x0000000088314465                RIL_FTP_QFTPSTAT

.text.RIL_FTP_QFTPCFG
                0x00000000883144c4       0x70
 .text.RIL_FTP_QFTPCFG
                0x00000000883144c4       0x70 build/gcc/obj/ril/src/ril_ftp.o
                0x00000000883144c5                RIL_FTP_QFTPCFG

.text.RIL_FTP_QFTPPATH
                0x0000000088314534       0x64
 .text.RIL_FTP_QFTPPATH
                0x0000000088314534       0x64 build/gcc/obj/ril/src/ril_ftp.o
                0x0000000088314535                RIL_FTP_QFTPPATH

.text.RIL_FTP_QFTPGET
                0x0000000088314598       0x74
 .text.RIL_FTP_QFTPGET
                0x0000000088314598       0x74 build/gcc/obj/ril/src/ril_ftp.o
                0x0000000088314599                RIL_FTP_QFTPGET

.text.RIL_FTP_QFTPPUT
                0x000000008831460c       0x7c
 .text.RIL_FTP_QFTPPUT
                0x000000008831460c       0x7c build/gcc/obj/ril/src/ril_ftp.o
                0x000000008831460d                RIL_FTP_QFTPPUT

.text.RIL_FTP_QFTPCLOSE
                0x0000000088314688       0x5c
 .text.RIL_FTP_QFTPCLOSE
                0x0000000088314688       0x5c build/gcc/obj/ril/src/ril_ftp.o
                0x0000000088314689                RIL_FTP_QFTPCLOSE

.text.ATResponse_QFTPSTAT_handler
                0x00000000883146e4       0xf4
 .text.ATResponse_QFTPSTAT_handler
                0x00000000883146e4       0xf4 build/gcc/obj/ril/src/ril_ftp.o

.text.ATResponse_FTP_handler_Common
                0x00000000883147d8       0xbc
 .text.ATResponse_FTP_handler_Common
                0x00000000883147d8       0xbc build/gcc/obj/ril/src/ril_ftp.o

.text.ATResponse_QFTPLEN_handler
                0x0000000088314894       0xb8
 .text.ATResponse_QFTPLEN_handler
                0x0000000088314894       0xb8 build/gcc/obj/ril/src/ril_ftp.o

.text.RIL_FTP_QFTPOPEN
                0x000000008831494c      0x14c
 .text.RIL_FTP_QFTPOPEN
                0x000000008831494c      0x14c build/gcc/obj/ril/src/ril_ftp.o
                0x000000008831494d                RIL_FTP_QFTPOPEN

.text.RIL_Alarm_Remove
                0x0000000088314a98       0x9c
 .text.RIL_Alarm_Remove
                0x0000000088314a98       0x9c build/gcc/obj/ril/src/ril_alarm.o
                0x0000000088314a99                RIL_Alarm_Remove

.text.RIL_Alarm_Query
                0x0000000088314b34       0x4c
 .text.RIL_Alarm_Query
                0x0000000088314b34       0x4c build/gcc/obj/ril/src/ril_alarm.o
                0x0000000088314b35                RIL_Alarm_Query

.text.RIL_Alarm_Create
                0x0000000088314b80       0xa8
 .text.RIL_Alarm_Create
                0x0000000088314b80       0xa8 build/gcc/obj/ril/src/ril_alarm.o
                0x0000000088314b81                RIL_Alarm_Create

.text.ATResponse_QALARM_Handler
                0x0000000088314c28      0x1d4
 .text.ATResponse_QALARM_Handler
                0x0000000088314c28      0x1d4 build/gcc/obj/ril/src/ril_alarm.o

.text.Ql_StrPrefixMatch
                0x0000000088314dfc       0x20
 .text.Ql_StrPrefixMatch
                0x0000000088314dfc       0x20 build/gcc/obj/ril/src/ril_util.o
                0x0000000088314dfd                Ql_StrPrefixMatch

.text.Ql_GenHash
                0x0000000088314e1c       0x34
 .text.Ql_GenHash
                0x0000000088314e1c       0x34 build/gcc/obj/ril/src/ril_util.o
                0x0000000088314e1d                Ql_GenHash

.text.Ql_RIL_FindString
                0x0000000088314e50       0x58
 .text.Ql_RIL_FindString
                0x0000000088314e50       0x58 build/gcc/obj/ril/src/ril_util.o
                0x0000000088314e51                Ql_RIL_FindString

.text.Ql_RIL_FindLine
                0x0000000088314ea8      0x160
 .text.Ql_RIL_FindLine
                0x0000000088314ea8      0x160 build/gcc/obj/ril/src/ril_util.o
                0x0000000088314ea9                Ql_RIL_FindLine

.text.Ql_StrToUpper
                0x0000000088315008       0x38
 .text.Ql_StrToUpper
                0x0000000088315008       0x38 build/gcc/obj/ril/src/ril_util.o
                0x0000000088315009                Ql_StrToUpper

.text.Ql_HexStrToInt
                0x0000000088315040       0x60
 .text.Ql_HexStrToInt
                0x0000000088315040       0x60 build/gcc/obj/ril/src/ril_util.o
                0x0000000088315041                Ql_HexStrToInt

.text.RIL_MQTT_QMTDISC
                0x00000000883150a0       0x50
 .text.RIL_MQTT_QMTDISC
                0x00000000883150a0       0x50 build/gcc/obj/ril/src/ril_mqtt.o
                0x00000000883150a1                RIL_MQTT_QMTDISC

.text.RIL_MQTT_QMTCLOSE
                0x00000000883150f0       0x50
 .text.RIL_MQTT_QMTCLOSE
                0x00000000883150f0       0x50 build/gcc/obj/ril/src/ril_mqtt.o
                0x00000000883150f1                RIL_MQTT_QMTCLOSE

.text.RIL_MQTT_QMTCONN
                0x0000000088315140       0x78
 .text.RIL_MQTT_QMTCONN
                0x0000000088315140       0x78 build/gcc/obj/ril/src/ril_mqtt.o
                0x0000000088315141                RIL_MQTT_QMTCONN

.text.RIL_MQTT_QMTOPEN
                0x00000000883151b8       0x60
 .text.RIL_MQTT_QMTOPEN
                0x00000000883151b8       0x60 build/gcc/obj/ril/src/ril_mqtt.o
                0x00000000883151b9                RIL_MQTT_QMTOPEN

.text.RIL_MQTT_QMTCFG_Version_Select
                0x0000000088315218       0x58
 .text.RIL_MQTT_QMTCFG_Version_Select
                0x0000000088315218       0x58 build/gcc/obj/ril/src/ril_mqtt.o
                0x0000000088315219                RIL_MQTT_QMTCFG_Version_Select

.text.RIL_MQTT_QMTCFG_Showrecvlen
                0x0000000088315270       0x58
 .text.RIL_MQTT_QMTCFG_Showrecvlen
                0x0000000088315270       0x58 build/gcc/obj/ril/src/ril_mqtt.o
                0x0000000088315271                RIL_MQTT_QMTCFG_Showrecvlen

.text.RIL_MQTT_QMTCFG_Ali
                0x00000000883152c8       0x60
 .text.RIL_MQTT_QMTCFG_Ali
                0x00000000883152c8       0x60 build/gcc/obj/ril/src/ril_mqtt.o
                0x00000000883152c9                RIL_MQTT_QMTCFG_Ali

.text.RIL_MQTT_QMTPUB
                0x0000000088315328       0x90
 .text.RIL_MQTT_QMTPUB
                0x0000000088315328       0x90 build/gcc/obj/ril/src/ril_mqtt.o
                0x0000000088315329                RIL_MQTT_QMTPUB

.text.ATResponse_QMTPUB_handler
                0x00000000883153b8       0x70
 .text.ATResponse_QMTPUB_handler
                0x00000000883153b8       0x70 build/gcc/obj/ril/src/ril_mqtt.o

.text.RIL_MQTT_QMTUNS
                0x0000000088315428       0xf8
 .text.RIL_MQTT_QMTUNS
                0x0000000088315428       0xf8 build/gcc/obj/ril/src/ril_mqtt.o
                0x0000000088315429                RIL_MQTT_QMTUNS

.text.RIL_MQTT_QMTSUB
                0x0000000088315520      0x104
 .text.RIL_MQTT_QMTSUB
                0x0000000088315520      0x104 build/gcc/obj/ril/src/ril_mqtt.o
                0x0000000088315521                RIL_MQTT_QMTSUB

.text.CallBack_GPRS_Deactived
                0x0000000088315624       0x98
 .text.CallBack_GPRS_Deactived
                0x0000000088315624       0x98 build/gcc/obj/example/example_tcpclient.o
                0x0000000088315625                CallBack_GPRS_Deactived

.text.Callback_GPRS_Actived
                0x00000000883156bc       0x88
 .text.Callback_GPRS_Actived
                0x00000000883156bc       0x88 build/gcc/obj/example/example_tcpclient.o
                0x00000000883156bd                Callback_GPRS_Actived

.text.HTTP_Program
                0x0000000088315744      0x270
 .text.HTTP_Program
                0x0000000088315744      0x270 build/gcc/obj/example/example_tcpclient.o
                0x0000000088315745                HTTP_Program

.text.HTTP_RcvData
                0x00000000883159b4       0xe8
 .text.HTTP_RcvData
                0x00000000883159b4       0xe8 build/gcc/obj/example/example_tcpclient.o

.text.proc_main_task
                0x0000000088315a9c       0xcc
 .text.proc_main_task
                0x0000000088315a9c       0xcc build/gcc/obj/example/example_tcpclient.o
                0x0000000088315a9d                proc_main_task

.text.Callback_Timer
                0x0000000088315b68      0x418
 .text.Callback_Timer
                0x0000000088315b68      0x418 build/gcc/obj/example/example_tcpclient.o

.text.CallBack_UART_Hdlr
                0x0000000088315f80       0xb4
 .text.CallBack_UART_Hdlr
                0x0000000088315f80       0xb4 build/gcc/obj/example/example_tcpclient.o

.text.Analyse_Command
                0x0000000088316034      0x10c
 .text.Analyse_Command
                0x0000000088316034      0x10c build/gcc/obj/example/debug.o
                0x0000000088316035                Analyse_Command

.text.ReadSerialPort
                0x0000000088316140       0x4c
 .text.ReadSerialPort
                0x0000000088316140       0x4c build/gcc/obj/example/debug.o
                0x0000000088316141                ReadSerialPort

.text.Dfota_Upgrade_States
                0x000000008831618c       0xc8
 .text.Dfota_Upgrade_States
                0x000000008831618c       0xc8 build/gcc/obj/custom/dfota/src/dfota_main.o

.text.Ql_DFOTA_StartUpgrade
                0x0000000088316254      0x104
 .text.Ql_DFOTA_StartUpgrade
                0x0000000088316254      0x104 build/gcc/obj/custom/dfota/src/dfota_main.o
                0x0000000088316255                Ql_DFOTA_StartUpgrade

.text.FTP_Callback_OnDownload
                0x0000000088316358      0x2b0
 .text.FTP_Callback_OnDownload
                0x0000000088316358      0x2b0 build/gcc/obj/custom/dfota/src/dfota_ftp.o
                0x0000000088316359                FTP_Callback_OnDownload

.text.FTP_IsFtpServer
                0x0000000088316608       0x44
 .text.FTP_IsFtpServer
                0x0000000088316608       0x44 build/gcc/obj/custom/dfota/src/dfota_ftp.o
                0x0000000088316609                FTP_IsFtpServer

.text.FTP_DfotaMain
                0x000000008831664c      0x5f0
 .text.FTP_DfotaMain
                0x000000008831664c      0x5f0 build/gcc/obj/custom/dfota/src/dfota_ftp.o
                0x000000008831664d                FTP_DfotaMain

.text.quectel_stricmp_bylength
                0x0000000088316c3c       0x68
 .text.quectel_stricmp_bylength
                0x0000000088316c3c       0x68 build/gcc/obj/custom/dfota/src/dfota_http_code.o
                0x0000000088316c3d                quectel_stricmp_bylength

.text.http_ip_check
                0x0000000088316ca4       0x38
 .text.http_ip_check
                0x0000000088316ca4       0x38 build/gcc/obj/custom/dfota/src/dfota_http_code.o
                0x0000000088316ca5                http_ip_check

.text.find_linesymbol
                0x0000000088316cdc       0x50
 .text.find_linesymbol
                0x0000000088316cdc       0x50 build/gcc/obj/custom/dfota/src/dfota_http_code.o
                0x0000000088316cdd                find_linesymbol

.text.http_DecodeHeader
                0x0000000088316d2c      0x1d0
 .text.http_DecodeHeader
                0x0000000088316d2c      0x1d0 build/gcc/obj/custom/dfota/src/dfota_http_code.o
                0x0000000088316d2d                http_DecodeHeader

.text.http_DecodeURL
                0x0000000088316efc      0x288
 .text.http_DecodeURL
                0x0000000088316efc      0x288 build/gcc/obj/custom/dfota/src/dfota_http_code.o
                0x0000000088316efd                http_DecodeURL

.text.HttpCallback_GPRS_Actived
                0x0000000088317184        0x4
 .text.HttpCallback_GPRS_Actived
                0x0000000088317184        0x4 build/gcc/obj/custom/dfota/src/dfota_http.o
                0x0000000088317185                HttpCallback_GPRS_Actived

.text.HttpCallBack_GPRS_Deactived
                0x0000000088317188        0x4
 .text.HttpCallBack_GPRS_Deactived
                0x0000000088317188        0x4 build/gcc/obj/custom/dfota/src/dfota_http.o
                0x0000000088317189                HttpCallBack_GPRS_Deactived

.text.Httpcallback_socket_connect
                0x000000008831718c        0x4
 .text.Httpcallback_socket_connect
                0x000000008831718c        0x4 build/gcc/obj/custom/dfota/src/dfota_http.o
                0x000000008831718d                Httpcallback_socket_connect

.text.Httpcallback_socket_close
                0x0000000088317190        0x4
 .text.Httpcallback_socket_close
                0x0000000088317190        0x4 build/gcc/obj/custom/dfota/src/dfota_http.o
                0x0000000088317191                Httpcallback_socket_close

.text.Httpcallback_socket_accept
                0x0000000088317194        0x4
 .text.Httpcallback_socket_accept
                0x0000000088317194        0x4 build/gcc/obj/custom/dfota/src/dfota_http.o
                0x0000000088317195                Httpcallback_socket_accept

.text.Httpcallback_socket_write
                0x0000000088317198        0x4
 .text.Httpcallback_socket_write
                0x0000000088317198        0x4 build/gcc/obj/custom/dfota/src/dfota_http.o
                0x0000000088317199                Httpcallback_socket_write

.text.http_RecvHttpChunkedBody
                0x000000008831719c       0x34
 .text.http_RecvHttpChunkedBody
                0x000000008831719c       0x34 build/gcc/obj/custom/dfota/src/dfota_http.o
                0x000000008831719d                http_RecvHttpChunkedBody

.text.http_TimerCallback
                0x00000000883171d0       0x5c
 .text.http_TimerCallback
                0x00000000883171d0       0x5c build/gcc/obj/custom/dfota/src/dfota_http.o
                0x00000000883171d1                http_TimerCallback

.text.http_RecvHttpBody
                0x000000008831722c      0x270
 .text.http_RecvHttpBody
                0x000000008831722c      0x270 build/gcc/obj/custom/dfota/src/dfota_http.o
                0x000000008831722d                http_RecvHttpBody

.text.http_RecvHttpHead
                0x000000008831749c      0x1b4
 .text.http_RecvHttpHead
                0x000000008831749c      0x1b4 build/gcc/obj/custom/dfota/src/dfota_http.o
                0x000000008831749d                http_RecvHttpHead

.text.Httpcallback_socket_read
                0x0000000088317650       0xa0
 .text.Httpcallback_socket_read
                0x0000000088317650       0xa0 build/gcc/obj/custom/dfota/src/dfota_http.o
                0x0000000088317651                Httpcallback_socket_read

.text.http_initialize
                0x00000000883176f0       0x9c
 .text.http_initialize
                0x00000000883176f0       0x9c build/gcc/obj/custom/dfota/src/dfota_http.o
                0x00000000883176f1                http_initialize

.text.http_SendHttpGetHead
                0x000000008831778c      0x300
 .text.http_SendHttpGetHead
                0x000000008831778c      0x300 build/gcc/obj/custom/dfota/src/dfota_http.o
                0x000000008831778d                http_SendHttpGetHead

.text.http_GetImagefilefromServer
                0x0000000088317a8c       0xe8
 .text.http_GetImagefilefromServer
                0x0000000088317a8c       0xe8 build/gcc/obj/custom/dfota/src/dfota_http.o
                0x0000000088317a8d                http_GetImagefilefromServer

.text.Callback_GetIpByHostName
                0x0000000088317b74       0x40
 .text.Callback_GetIpByHostName
                0x0000000088317b74       0x40 build/gcc/obj/custom/dfota/src/dfota_http.o
                0x0000000088317b75                Callback_GetIpByHostName

.text.HTTP_DfotaMain
                0x0000000088317bb4      0x26c
 .text.HTTP_DfotaMain
                0x0000000088317bb4      0x26c build/gcc/obj/custom/dfota/src/dfota_http.o
                0x0000000088317bb5                HTTP_DfotaMain

.text.HTTP_IsHttpServer
                0x0000000088317e20       0x44
 .text.HTTP_IsHttpServer
                0x0000000088317e20       0x44 build/gcc/obj/custom/dfota/src/dfota_http.o
                0x0000000088317e21                HTTP_IsHttpServer

.text.Ql_Timer_Register
                0x0000000088317e64       0x48
 .text.Ql_Timer_Register
                0x0000000088317e64       0x48 libs/gcc/app_start.lib(timer.o)
                0x0000000088317e65                Ql_Timer_Register

.text.Ql_Timer_RegisterFast
                0x0000000088317eac       0x48
 .text.Ql_Timer_RegisterFast
                0x0000000088317eac       0x48 libs/gcc/app_start.lib(timer.o)
                0x0000000088317ead                Ql_Timer_RegisterFast

.text.Ql_Timer_Start
                0x0000000088317ef4       0x4c
 .text.Ql_Timer_Start
                0x0000000088317ef4       0x4c libs/gcc/app_start.lib(timer.o)
                0x0000000088317ef5                Ql_Timer_Start

.text.Ql_Timer_Stop
                0x0000000088317f40       0x40
 .text.Ql_Timer_Stop
                0x0000000088317f40       0x40 libs/gcc/app_start.lib(timer.o)
                0x0000000088317f41                Ql_Timer_Stop

.text.Ql_GPRS_GetPDPCntxtState
                0x0000000088317f80       0x44
 .text.Ql_GPRS_GetPDPCntxtState
                0x0000000088317f80       0x44 libs/gcc/app_start.lib(gprs.o)
                0x0000000088317f81                Ql_GPRS_GetPDPCntxtState

.text.Ql_GPRS_GetPDPContextId
                0x0000000088317fc4       0x3c
 .text.Ql_GPRS_GetPDPContextId
                0x0000000088317fc4       0x3c libs/gcc/app_start.lib(gprs.o)
                0x0000000088317fc5                Ql_GPRS_GetPDPContextId

.text.Ql_GPRS_Config
                0x0000000088318000       0x44
 .text.Ql_GPRS_Config
                0x0000000088318000       0x44 libs/gcc/app_start.lib(gprs.o)
                0x0000000088318001                Ql_GPRS_Config

.text.Ql_GPRS_Register
                0x0000000088318044       0x48
 .text.Ql_GPRS_Register
                0x0000000088318044       0x48 libs/gcc/app_start.lib(gprs.o)
                0x0000000088318045                Ql_GPRS_Register

.text.Ql_GPRS_Activate
                0x000000008831808c       0x44
 .text.Ql_GPRS_Activate
                0x000000008831808c       0x44 libs/gcc/app_start.lib(gprs.o)
                0x000000008831808d                Ql_GPRS_Activate

.text.Ql_GPRS_ActivateEx
                0x00000000883180d0       0x48
 .text.Ql_GPRS_ActivateEx
                0x00000000883180d0       0x48 libs/gcc/app_start.lib(gprs.o)
                0x00000000883180d1                Ql_GPRS_ActivateEx

.text.Ql_GPRS_Deactivate
                0x0000000088318118       0x44
 .text.Ql_GPRS_Deactivate
                0x0000000088318118       0x44 libs/gcc/app_start.lib(gprs.o)
                0x0000000088318119                Ql_GPRS_Deactivate

.text.Ql_GPRS_DeactivateEx
                0x000000008831815c       0x48
 .text.Ql_GPRS_DeactivateEx
                0x000000008831815c       0x48 libs/gcc/app_start.lib(gprs.o)
                0x000000008831815d                Ql_GPRS_DeactivateEx

.text.Ql_GPRS_GetLocalIPAddress
                0x00000000883181a4       0x44
 .text.Ql_GPRS_GetLocalIPAddress
                0x00000000883181a4       0x44 libs/gcc/app_start.lib(gprs.o)
                0x00000000883181a5                Ql_GPRS_GetLocalIPAddress

.text.Ql_GPRS_GetDNSAddress
                0x00000000883181e8       0x48
 .text.Ql_GPRS_GetDNSAddress
                0x00000000883181e8       0x48 libs/gcc/app_start.lib(gprs.o)
                0x00000000883181e9                Ql_GPRS_GetDNSAddress

.text.Ql_GPRS_SetDNSAddress
                0x0000000088318230       0x48
 .text.Ql_GPRS_SetDNSAddress
                0x0000000088318230       0x48 libs/gcc/app_start.lib(gprs.o)
                0x0000000088318231                Ql_GPRS_SetDNSAddress

.text.playmem   0x0000000088318278       0x58
 .text.playmem  0x0000000088318278       0x58 libs/gcc/app_start.lib(ql_func.o)
                0x0000000088318279                playmem

.text.Ql_AUD_PlayBuf
                0x00000000883182d0       0x6c
 .text.Ql_AUD_PlayBuf
                0x00000000883182d0       0x6c libs/gcc/app_start.lib(ql_func.o)
                0x00000000883182d1                Ql_AUD_PlayBuf

.text.Ql_AUD_StopPlayBuf
                0x000000008831833c       0x38
 .text.Ql_AUD_StopPlayBuf
                0x000000008831833c       0x38 libs/gcc/app_start.lib(ql_func.o)
                0x000000008831833d                Ql_AUD_StopPlayBuf

.text.Ql_AUD_GetStatusPlaybuf
                0x0000000088318374       0x3c
 .text.Ql_AUD_GetStatusPlaybuf
                0x0000000088318374       0x3c libs/gcc/app_start.lib(ql_func.o)
                0x0000000088318375                Ql_AUD_GetStatusPlaybuf

.text.Ql_StartPlayAudioStream
                0x00000000883183b0       0x6c
 .text.Ql_StartPlayAudioStream
                0x00000000883183b0       0x6c libs/gcc/app_start.lib(ql_func.o)
                0x00000000883183b1                Ql_StartPlayAudioStream

.text.Ql_StopPlayAudioStream
                0x000000008831841c       0x3c
 .text.Ql_StopPlayAudioStream
                0x000000008831841c       0x3c libs/gcc/app_start.lib(ql_func.o)
                0x000000008831841d                Ql_StopPlayAudioStream

.text.Ql_GetRelativeTime_Counter
                0x0000000088318458       0x3c
 .text.Ql_GetRelativeTime_Counter
                0x0000000088318458       0x3c libs/gcc/app_start.lib(ql_func.o)
                0x0000000088318459                Ql_GetRelativeTime_Counter

.text.Ql_SecondToTicks
                0x0000000088318494       0x40
 .text.Ql_SecondToTicks
                0x0000000088318494       0x40 libs/gcc/app_start.lib(ql_func.o)
                0x0000000088318495                Ql_SecondToTicks

.text.Ql_MillisecondToTicks
                0x00000000883184d4       0x40
 .text.Ql_MillisecondToTicks
                0x00000000883184d4       0x40 libs/gcc/app_start.lib(ql_func.o)
                0x00000000883184d5                Ql_MillisecondToTicks

.text.Ql_CalendarTime2LocalTime
                0x0000000088318514       0x48
 .text.Ql_CalendarTime2LocalTime
                0x0000000088318514       0x48 libs/gcc/app_start.lib(ql_func.o)
                0x0000000088318515                Ql_CalendarTime2LocalTime

.text.Ql_osChangeTaskPriority
                0x000000008831855c       0x44
 .text.Ql_osChangeTaskPriority
                0x000000008831855c       0x44 libs/gcc/app_start.lib(ql_func.o)
                0x000000008831855d                Ql_osChangeTaskPriority

.text.Ql_OS_GetMessage
                0x00000000883185a0       0x40
 .text.Ql_OS_GetMessage
                0x00000000883185a0       0x40 libs/gcc/app_start.lib(taskMngt.o)
                0x00000000883185a1                Ql_OS_GetMessage

.text.Ql_OS_SendMessage
                0x00000000883185e0       0x4c
 .text.Ql_OS_SendMessage
                0x00000000883185e0       0x4c libs/gcc/app_start.lib(taskMngt.o)
                0x00000000883185e1                Ql_OS_SendMessage

.text.Ql_OS_CreateMutex
                0x000000008831862c       0x40
 .text.Ql_OS_CreateMutex
                0x000000008831862c       0x40 libs/gcc/app_start.lib(taskMngt.o)
                0x000000008831862d                Ql_OS_CreateMutex

.text.Ql_OS_TakeMutex
                0x000000008831866c       0x3c
 .text.Ql_OS_TakeMutex
                0x000000008831866c       0x3c libs/gcc/app_start.lib(taskMngt.o)
                0x000000008831866d                Ql_OS_TakeMutex

.text.Ql_OS_GiveMutex
                0x00000000883186a8       0x3c
 .text.Ql_OS_GiveMutex
                0x00000000883186a8       0x3c libs/gcc/app_start.lib(taskMngt.o)
                0x00000000883186a9                Ql_OS_GiveMutex

.text.Ql_OS_CreateSemaphore
                0x00000000883186e4       0x44
 .text.Ql_OS_CreateSemaphore
                0x00000000883186e4       0x44 libs/gcc/app_start.lib(taskMngt.o)
                0x00000000883186e5                Ql_OS_CreateSemaphore

.text.Ql_OS_TakeSemaphore
                0x0000000088318728       0x48
 .text.Ql_OS_TakeSemaphore
                0x0000000088318728       0x48 libs/gcc/app_start.lib(taskMngt.o)
                0x0000000088318729                Ql_OS_TakeSemaphore

.text.Ql_OS_GiveSemaphore
                0x0000000088318770       0x3c
 .text.Ql_OS_GiveSemaphore
                0x0000000088318770       0x3c libs/gcc/app_start.lib(taskMngt.o)
                0x0000000088318771                Ql_OS_GiveSemaphore

.text.Ql_OS_CreateEvent
                0x00000000883187ac       0x40
 .text.Ql_OS_CreateEvent
                0x00000000883187ac       0x40 libs/gcc/app_start.lib(taskMngt.o)
                0x00000000883187ad                Ql_OS_CreateEvent

.text.Ql_OS_WaitEvent
                0x00000000883187ec       0x44
 .text.Ql_OS_WaitEvent
                0x00000000883187ec       0x44 libs/gcc/app_start.lib(taskMngt.o)
                0x00000000883187ed                Ql_OS_WaitEvent

.text.Ql_OS_SetEvent
                0x0000000088318830       0x44
 .text.Ql_OS_SetEvent
                0x0000000088318830       0x44 libs/gcc/app_start.lib(taskMngt.o)
                0x0000000088318831                Ql_OS_SetEvent

.text.Ql_OS_GetActiveTaskId
                0x0000000088318874       0x3c
 .text.Ql_OS_GetActiveTaskId
                0x0000000088318874       0x3c libs/gcc/app_start.lib(taskMngt.o)
                0x0000000088318875                Ql_OS_GetActiveTaskId

.text.Ql_OS_SetLastErrorCode
                0x00000000883188b0       0x40
 .text.Ql_OS_SetLastErrorCode
                0x00000000883188b0       0x40 libs/gcc/app_start.lib(taskMngt.o)
                0x00000000883188b1                Ql_OS_SetLastErrorCode

.text.Ql_OS_GetLastErrorCode
                0x00000000883188f0       0x3c
 .text.Ql_OS_GetLastErrorCode
                0x00000000883188f0       0x3c libs/gcc/app_start.lib(taskMngt.o)
                0x00000000883188f1                Ql_OS_GetLastErrorCode

.text.Ql_OS_GetCurrentTaskPriority
                0x000000008831892c       0x3c
 .text.Ql_OS_GetCurrentTaskPriority
                0x000000008831892c       0x3c libs/gcc/app_start.lib(taskMngt.o)
                0x000000008831892d                Ql_OS_GetCurrentTaskPriority

.text.Ql_OS_GetCurrenTaskLeftStackSize
                0x0000000088318968       0x3c
 .text.Ql_OS_GetCurrenTaskLeftStackSize
                0x0000000088318968       0x3c libs/gcc/app_start.lib(taskMngt.o)
                0x0000000088318969                Ql_OS_GetCurrenTaskLeftStackSize

.text.Ql_DFOTA_Init
                0x00000000883189a4       0x40
 .text.Ql_DFOTA_Init
                0x00000000883189a4       0x40 libs/gcc/app_start.lib(fota.o)
                0x00000000883189a5                Ql_DFOTA_Init

.text.Ql_DFOTA_WriteData
                0x00000000883189e4       0x44
 .text.Ql_DFOTA_WriteData
                0x00000000883189e4       0x44 libs/gcc/app_start.lib(fota.o)
                0x00000000883189e5                Ql_DFOTA_WriteData

.text.Ql_DFOTA_Finish
                0x0000000088318a28       0x3c
 .text.Ql_DFOTA_Finish
                0x0000000088318a28       0x3c libs/gcc/app_start.lib(fota.o)
                0x0000000088318a29                Ql_DFOTA_Finish

.text.Ql_DFOTA_ReadData
                0x0000000088318a64       0x48
 .text.Ql_DFOTA_ReadData
                0x0000000088318a64       0x48 libs/gcc/app_start.lib(fota.o)
                0x0000000088318a65                Ql_DFOTA_ReadData

.text.Ql_DFOTA_Update
                0x0000000088318aac       0x3c
 .text.Ql_DFOTA_Update
                0x0000000088318aac       0x3c libs/gcc/app_start.lib(fota.o)
                0x0000000088318aad                Ql_DFOTA_Update

.text.memset    0x0000000088318ae8       0x70
 .text.memset   0x0000000088318ae8       0x70 libs/gcc/app_start.lib(ql_main.o)
                0x0000000088318ae9                memset

.text.memcpy    0x0000000088318b58      0x180
 .text.memcpy   0x0000000088318b58      0x180 libs/gcc/app_start.lib(ql_main.o)
                0x0000000088318b59                memcpy

.text.ql_InitVFunc
                0x0000000088318cd8       0x80
 .text.ql_InitVFunc
                0x0000000088318cd8       0x80 libs/gcc/app_start.lib(ql_main.o)
                0x0000000088318cd9                ql_InitVFunc

.text.ocpu_main
                0x0000000088318d58       0xe4
 .text.ocpu_main
                0x0000000088318d58       0xe4 libs/gcc/app_start.lib(ql_main.o)
                0x0000000088318d59                ocpu_main

.text.Ql_MEM_Alloc
                0x0000000088318e3c       0x54
 .text.Ql_MEM_Alloc
                0x0000000088318e3c       0x54 libs/gcc/app_start.lib(memory.o)
                0x0000000088318e3d                Ql_MEM_Alloc

.text.Ql_MEM_Free
                0x0000000088318e90       0x54
 .text.Ql_MEM_Free
                0x0000000088318e90       0x54 libs/gcc/app_start.lib(memory.o)
                0x0000000088318e91                Ql_MEM_Free

.text.set_errCode
                0x0000000088318ee4        0xc
 .text.set_errCode
                0x0000000088318ee4        0xc libs/gcc/app_start.lib(ril_main.o)

.text.get_errCode
                0x0000000088318ef0        0xc
 .text.get_errCode
                0x0000000088318ef0        0xc libs/gcc/app_start.lib(ril_main.o)

.text.get_ril_init_status
                0x0000000088318efc        0xc
 .text.get_ril_init_status
                0x0000000088318efc        0xc libs/gcc/app_start.lib(ril_main.o)
                0x0000000088318efd                get_ril_init_status

.text.startWithSpecialChar
                0x0000000088318f08       0x1c
 .text.startWithSpecialChar
                0x0000000088318f08       0x1c libs/gcc/app_start.lib(ril_main.o)

.text.Ql_Mqtt_Recv_Register
                0x0000000088318f24       0x14
 .text.Ql_Mqtt_Recv_Register
                0x0000000088318f24       0x14 libs/gcc/app_start.lib(ril_main.o)
                0x0000000088318f25                Ql_Mqtt_Recv_Register

.text.Ql_RIL_WriteDataToCore
                0x0000000088318f38       0x18
 .text.Ql_RIL_WriteDataToCore
                0x0000000088318f38       0x18 libs/gcc/app_start.lib(ril_main.o)
                0x0000000088318f39                Ql_RIL_WriteDataToCore

.text.Ql_RIL_GetLine
                0x0000000088318f50       0xd0
 .text.Ql_RIL_GetLine
                0x0000000088318f50       0xd0 libs/gcc/app_start.lib(ril_main.o)

.text.isLimitedCmd
                0x0000000088319020       0x3c
 .text.isLimitedCmd
                0x0000000088319020       0x3c libs/gcc/app_start.lib(ril_main.o)

.text.Ql_RIL_SendATCmd
                0x000000008831905c      0x1b0
 .text.Ql_RIL_SendATCmd
                0x000000008831905c      0x1b0 libs/gcc/app_start.lib(ril_main.o)
                0x000000008831905d                Ql_RIL_SendATCmd

.text.Ql_RIL_Initialize
                0x000000008831920c       0x90
 .text.Ql_RIL_Initialize
                0x000000008831920c       0x90 libs/gcc/app_start.lib(ril_main.o)
                0x000000008831920d                Ql_RIL_Initialize

.text.ril_StopATTimer
                0x000000008831929c       0x20
 .text.ril_StopATTimer
                0x000000008831929c       0x20 libs/gcc/app_start.lib(ril_main.o)

.text.Callback_OnATTimer
                0x00000000883192bc       0x30
 .text.Callback_OnATTimer
                0x00000000883192bc       0x30 libs/gcc/app_start.lib(ril_main.o)

.text.ril_StartATTimer
                0x00000000883192ec       0x28
 .text.ril_StartATTimer
                0x00000000883192ec       0x28 libs/gcc/app_start.lib(ril_main.o)

.text.proc_ril_task
                0x0000000088319314      0x114
 .text.proc_ril_task
                0x0000000088319314      0x114 libs/gcc/app_start.lib(ril_main.o)
                0x0000000088319315                proc_ril_task

.text.Read_SerialPort
                0x0000000088319428       0x50
 .text.Read_SerialPort
                0x0000000088319428       0x50 libs/gcc/app_start.lib(ril_main.o)

.text.CallBack_SerialPort_Hdlr
                0x0000000088319478      0x258
 .text.CallBack_SerialPort_Hdlr
                0x0000000088319478      0x258 libs/gcc/app_start.lib(ril_main.o)

.text.proc_urc_task
                0x00000000883196d0       0x38
 .text.proc_urc_task
                0x00000000883196d0       0x38 libs/gcc/app_start.lib(ril_aux.o)
                0x00000000883196d1                proc_urc_task

.text._OCPU_InitUserMem
                0x0000000088319708       0x48
 .text._OCPU_InitUserMem
                0x0000000088319708       0x48 libs/gcc/app_start.lib(ocpi_init.o)
                0x0000000088319709                _OCPU_InitUserMem

.text.Ql_FS_Open
                0x0000000088319750       0x44
 .text.Ql_FS_Open
                0x0000000088319750       0x44 libs/gcc/app_start.lib(fileSys.o)
                0x0000000088319751                Ql_FS_Open

.text.Ql_FS_OpenRAMFile
                0x0000000088319794       0x48
 .text.Ql_FS_OpenRAMFile
                0x0000000088319794       0x48 libs/gcc/app_start.lib(fileSys.o)
                0x0000000088319795                Ql_FS_OpenRAMFile

.text.Ql_FS_Read
                0x00000000883197dc       0x4c
 .text.Ql_FS_Read
                0x00000000883197dc       0x4c libs/gcc/app_start.lib(fileSys.o)
                0x00000000883197dd                Ql_FS_Read

.text.Ql_FS_Write
                0x0000000088319828       0x4c
 .text.Ql_FS_Write
                0x0000000088319828       0x4c libs/gcc/app_start.lib(fileSys.o)
                0x0000000088319829                Ql_FS_Write

.text.Ql_FS_Seek
                0x0000000088319874       0x48
 .text.Ql_FS_Seek
                0x0000000088319874       0x48 libs/gcc/app_start.lib(fileSys.o)
                0x0000000088319875                Ql_FS_Seek

.text.Ql_FS_GetFilePosition
                0x00000000883198bc       0x40
 .text.Ql_FS_GetFilePosition
                0x00000000883198bc       0x40 libs/gcc/app_start.lib(fileSys.o)
                0x00000000883198bd                Ql_FS_GetFilePosition

.text.Ql_FS_Truncate
                0x00000000883198fc       0x40
 .text.Ql_FS_Truncate
                0x00000000883198fc       0x40 libs/gcc/app_start.lib(fileSys.o)
                0x00000000883198fd                Ql_FS_Truncate

.text.Ql_FS_Flush
                0x000000008831993c       0x3c
 .text.Ql_FS_Flush
                0x000000008831993c       0x3c libs/gcc/app_start.lib(fileSys.o)
                0x000000008831993d                Ql_FS_Flush

.text.Ql_FS_Close
                0x0000000088319978       0x3c
 .text.Ql_FS_Close
                0x0000000088319978       0x3c libs/gcc/app_start.lib(fileSys.o)
                0x0000000088319979                Ql_FS_Close

.text.Ql_FS_GetSize
                0x00000000883199b4       0x40
 .text.Ql_FS_GetSize
                0x00000000883199b4       0x40 libs/gcc/app_start.lib(fileSys.o)
                0x00000000883199b5                Ql_FS_GetSize

.text.Ql_FS_Delete
                0x00000000883199f4       0x40
 .text.Ql_FS_Delete
                0x00000000883199f4       0x40 libs/gcc/app_start.lib(fileSys.o)
                0x00000000883199f5                Ql_FS_Delete

.text.Ql_FS_Check
                0x0000000088319a34       0x40
 .text.Ql_FS_Check
                0x0000000088319a34       0x40 libs/gcc/app_start.lib(fileSys.o)
                0x0000000088319a35                Ql_FS_Check

.text.Ql_FS_Rename
                0x0000000088319a74       0x44
 .text.Ql_FS_Rename
                0x0000000088319a74       0x44 libs/gcc/app_start.lib(fileSys.o)
                0x0000000088319a75                Ql_FS_Rename

.text.Ql_FS_CreateDir
                0x0000000088319ab8       0x40
 .text.Ql_FS_CreateDir
                0x0000000088319ab8       0x40 libs/gcc/app_start.lib(fileSys.o)
                0x0000000088319ab9                Ql_FS_CreateDir

.text.Ql_FS_DeleteDir
                0x0000000088319af8       0x40
 .text.Ql_FS_DeleteDir
                0x0000000088319af8       0x40 libs/gcc/app_start.lib(fileSys.o)
                0x0000000088319af9                Ql_FS_DeleteDir

.text.Ql_FS_CheckDir
                0x0000000088319b38       0x40
 .text.Ql_FS_CheckDir
                0x0000000088319b38       0x40 libs/gcc/app_start.lib(fileSys.o)
                0x0000000088319b39                Ql_FS_CheckDir

.text.Ql_FS_FindFirst
                0x0000000088319b78       0x50
 .text.Ql_FS_FindFirst
                0x0000000088319b78       0x50 libs/gcc/app_start.lib(fileSys.o)
                0x0000000088319b79                Ql_FS_FindFirst

.text.Ql_FS_FindNext
                0x0000000088319bc8       0x50
 .text.Ql_FS_FindNext
                0x0000000088319bc8       0x50 libs/gcc/app_start.lib(fileSys.o)
                0x0000000088319bc9                Ql_FS_FindNext

.text.Ql_FS_FindClose
                0x0000000088319c18       0x3c
 .text.Ql_FS_FindClose
                0x0000000088319c18       0x3c libs/gcc/app_start.lib(fileSys.o)
                0x0000000088319c19                Ql_FS_FindClose

.text.Ql_FS_XDelete
                0x0000000088319c54       0x44
 .text.Ql_FS_XDelete
                0x0000000088319c54       0x44 libs/gcc/app_start.lib(fileSys.o)
                0x0000000088319c55                Ql_FS_XDelete

.text.Ql_FS_XMove
                0x0000000088319c98       0x48
 .text.Ql_FS_XMove
                0x0000000088319c98       0x48 libs/gcc/app_start.lib(fileSys.o)
                0x0000000088319c99                Ql_FS_XMove

.text.Ql_FS_GetFreeSpace
                0x0000000088319ce0       0x50
 .text.Ql_FS_GetFreeSpace
                0x0000000088319ce0       0x50 libs/gcc/app_start.lib(fileSys.o)
                0x0000000088319ce1                Ql_FS_GetFreeSpace

.text.Ql_FS_GetTotalSpace
                0x0000000088319d30       0x50
 .text.Ql_FS_GetTotalSpace
                0x0000000088319d30       0x50 libs/gcc/app_start.lib(fileSys.o)
                0x0000000088319d31                Ql_FS_GetTotalSpace

.text.Ql_FS_Format
                0x0000000088319d80       0x44
 .text.Ql_FS_Format
                0x0000000088319d80       0x44 libs/gcc/app_start.lib(fileSys.o)
                0x0000000088319d81                Ql_FS_Format

.text.Ql_FS_Safe_Read
                0x0000000088319dc4       0x4c
 .text.Ql_FS_Safe_Read
                0x0000000088319dc4       0x4c libs/gcc/app_start.lib(fileSys.o)
                0x0000000088319dc5                Ql_FS_Safe_Read

.text.Ql_FS_Safe_Write
                0x0000000088319e10       0x4c
 .text.Ql_FS_Safe_Write
                0x0000000088319e10       0x4c libs/gcc/app_start.lib(fileSys.o)
                0x0000000088319e11                Ql_FS_Safe_Write

.text.EncodeAddress
                0x0000000088319e5c      0x190
 .text.EncodeAddress
                0x0000000088319e5c      0x190 libs/gcc/app_start.lib(lib_ril_sms.o)

.text.DecodeUserDataHeader
                0x0000000088319fec       0x60
 .text.DecodeUserDataHeader
                0x0000000088319fec       0x60 libs/gcc/app_start.lib(lib_ril_sms.o)

.text.ConvCharSetIRACharToAlphaDefaultExtend
                0x000000008831a04c       0x40
 .text.ConvCharSetIRACharToAlphaDefaultExtend
                0x000000008831a04c       0x40 libs/gcc/app_start.lib(lib_ril_sms.o)

.text.ConvCharSet88591CharToAlphaDefaultExtend
                0x000000008831a08c       0x40
 .text.ConvCharSet88591CharToAlphaDefaultExtend
                0x000000008831a08c       0x40 libs/gcc/app_start.lib(lib_ril_sms.o)

.text.LIB_SMS_IsValidHexStr
                0x000000008831a0cc       0x44
 .text.LIB_SMS_IsValidHexStr
                0x000000008831a0cc       0x44 libs/gcc/app_start.lib(lib_ril_sms.o)
                0x000000008831a0cd                LIB_SMS_IsValidHexStr

.text.LIB_SMS_ConvHexOctToHexStr
                0x000000008831a110       0x80
 .text.LIB_SMS_ConvHexOctToHexStr
                0x000000008831a110       0x80 libs/gcc/app_start.lib(lib_ril_sms.o)
                0x000000008831a111                LIB_SMS_ConvHexOctToHexStr

.text.LIB_SMS_ConvHexStrToHexOct
                0x000000008831a190       0xc0
 .text.LIB_SMS_ConvHexStrToHexOct
                0x000000008831a190       0xc0 libs/gcc/app_start.lib(lib_ril_sms.o)
                0x000000008831a191                LIB_SMS_ConvHexStrToHexOct

.text.LIB_SMS_DecodeDCS
                0x000000008831a250       0xc0
 .text.LIB_SMS_DecodeDCS
                0x000000008831a250       0xc0 libs/gcc/app_start.lib(lib_ril_sms.o)
                0x000000008831a251                LIB_SMS_DecodeDCS

.text.LIB_SMS_ConvAlphaToCharSet
                0x000000008831a310      0x370
 .text.LIB_SMS_ConvAlphaToCharSet
                0x000000008831a310      0x370 libs/gcc/app_start.lib(lib_ril_sms.o)
                0x000000008831a311                LIB_SMS_ConvAlphaToCharSet

.text.EncodeGSM7Bit
                0x000000008831a680       0xe8
 .text.EncodeGSM7Bit
                0x000000008831a680       0xe8 libs/gcc/app_start.lib(lib_ril_sms.o)

.text.LIB_SMS_EncodeSubmitPDU
                0x000000008831a768      0x438
 .text.LIB_SMS_EncodeSubmitPDU
                0x000000008831a768      0x438 libs/gcc/app_start.lib(lib_ril_sms.o)
                0x000000008831a769                LIB_SMS_EncodeSubmitPDU

.text.DecodeGSM7Bit
                0x000000008831aba0       0xd0
 .text.DecodeGSM7Bit
                0x000000008831aba0       0xd0 libs/gcc/app_start.lib(lib_ril_sms.o)

.text.DecordUserDataBody
                0x000000008831ac70       0xf4
 .text.DecordUserDataBody
                0x000000008831ac70       0xf4 libs/gcc/app_start.lib(lib_ril_sms.o)

.text.DecodeAddress
                0x000000008831ad64      0x170
 .text.DecodeAddress
                0x000000008831ad64      0x170 libs/gcc/app_start.lib(lib_ril_sms.o)

.text.LIB_SMS_ConvCharSetToAlpha
                0x000000008831aed4      0x540
 .text.LIB_SMS_ConvCharSetToAlpha
                0x000000008831aed4      0x540 libs/gcc/app_start.lib(lib_ril_sms.o)
                0x000000008831aed5                LIB_SMS_ConvCharSetToAlpha

.text.T.129     0x000000008831b414       0xf8
 .text.T.129    0x000000008831b414       0xf8 libs/gcc/app_start.lib(lib_ril_sms.o)

.text.LIB_SMS_DecodePDUStr
                0x000000008831b50c      0x394
 .text.LIB_SMS_DecodePDUStr
                0x000000008831b50c      0x394 libs/gcc/app_start.lib(lib_ril_sms.o)
                0x000000008831b50d                LIB_SMS_DecodePDUStr

.text.Ql_create_api_hash
                0x000000008831b8a0       0x1c
 .text.Ql_create_api_hash
                0x000000008831b8a0       0x1c libs/gcc/app_start.lib(stdlib_func.o)
                0x000000008831b8a1                Ql_create_api_hash

.text.Ql_ui64toa
                0x000000008831b8bc       0x6c
 .text.Ql_ui64toa
                0x000000008831b8bc       0x6c libs/gcc/app_start.lib(stdlib_func.o)
                0x000000008831b8bd                Ql_ui64toa

.text.Ql_itoa   0x000000008831b928       0x6c
 .text.Ql_itoa  0x000000008831b928       0x6c libs/gcc/app_start.lib(stdlib_func.o)
                0x000000008831b929                Ql_itoa

.text.Ql_atof   0x000000008831b994       0x64
 .text.Ql_atof  0x000000008831b994       0x64 libs/gcc/app_start.lib(stdlib_func.o)
                0x000000008831b995                Ql_atof

.text.Ql_strcpy
                0x000000008831b9f8       0x6c
 .text.Ql_strcpy
                0x000000008831b9f8       0x6c libs/gcc/app_start.lib(stdlib_func.o)
                0x000000008831b9f9                Ql_strcpy

.text.Ql_strncpy
                0x000000008831ba64       0x5c
 .text.Ql_strncpy
                0x000000008831ba64       0x5c libs/gcc/app_start.lib(stdlib_func.o)
                0x000000008831ba65                Ql_strncpy

.text.Ql_strcat
                0x000000008831bac0       0x58
 .text.Ql_strcat
                0x000000008831bac0       0x58 libs/gcc/app_start.lib(stdlib_func.o)
                0x000000008831bac1                Ql_strcat

.text.Ql_strncat
                0x000000008831bb18       0x5c
 .text.Ql_strncat
                0x000000008831bb18       0x5c libs/gcc/app_start.lib(stdlib_func.o)
                0x000000008831bb19                Ql_strncat

.text.Ql_strlen
                0x000000008831bb74       0x54
 .text.Ql_strlen
                0x000000008831bb74       0x54 libs/gcc/app_start.lib(stdlib_func.o)
                0x000000008831bb75                Ql_strlen

.text.Ql_strcmp
                0x000000008831bbc8       0x44
 .text.Ql_strcmp
                0x000000008831bbc8       0x44 libs/gcc/app_start.lib(stdlib_func.o)
                0x000000008831bbc9                Ql_strcmp

.text.Ql_strncmp
                0x000000008831bc0c       0x48
 .text.Ql_strncmp
                0x000000008831bc0c       0x48 libs/gcc/app_start.lib(stdlib_func.o)
                0x000000008831bc0d                Ql_strncmp

.text.Ql_memset
                0x000000008831bc54       0x60
 .text.Ql_memset
                0x000000008831bc54       0x60 libs/gcc/app_start.lib(stdlib_func.o)
                0x000000008831bc55                Ql_memset

.text.Ql_memcpy
                0x000000008831bcb4       0x5c
 .text.Ql_memcpy
                0x000000008831bcb4       0x5c libs/gcc/app_start.lib(stdlib_func.o)
                0x000000008831bcb5                Ql_memcpy

.text.Ql_memcmp
                0x000000008831bd10       0x48
 .text.Ql_memcmp
                0x000000008831bd10       0x48 libs/gcc/app_start.lib(stdlib_func.o)
                0x000000008831bd11                Ql_memcmp

.text.Ql_memmove
                0x000000008831bd58       0x5c
 .text.Ql_memmove
                0x000000008831bd58       0x5c libs/gcc/app_start.lib(stdlib_func.o)
                0x000000008831bd59                Ql_memmove

.text.Ql_strstr
                0x000000008831bdb4       0x58
 .text.Ql_strstr
                0x000000008831bdb4       0x58 libs/gcc/app_start.lib(stdlib_func.o)
                0x000000008831bdb5                Ql_strstr

.text.Ql_strchr
                0x000000008831be0c       0x58
 .text.Ql_strchr
                0x000000008831be0c       0x58 libs/gcc/app_start.lib(stdlib_func.o)
                0x000000008831be0d                Ql_strchr

.text.Ql_toupper
                0x000000008831be64        0x8
 .text.Ql_toupper
                0x000000008831be64        0x8 libs/gcc/app_start.lib(stdlib_func.o)
                0x000000008831be65                Ql_toupper

.text.Ql_tolower
                0x000000008831be6c        0x8
 .text.Ql_tolower
                0x000000008831be6c        0x8 libs/gcc/app_start.lib(stdlib_func.o)
                0x000000008831be6d                Ql_tolower

.text.Ql_isdigit
                0x000000008831be74       0x14
 .text.Ql_isdigit
                0x000000008831be74       0x14 libs/gcc/app_start.lib(stdlib_func.o)
                0x000000008831be75                Ql_isdigit

.text.Ql_atoi   0x000000008831be88       0x70
 .text.Ql_atoi  0x000000008831be88       0x70 libs/gcc/app_start.lib(stdlib_func.o)
                0x000000008831be89                Ql_atoi

.text.Ql_vsprintf
                0x000000008831bef8       0x5c
 .text.Ql_vsprintf
                0x000000008831bef8       0x5c libs/gcc/app_start.lib(stdlib_func.o)
                0x000000008831bef9                Ql_vsprintf

.text.Ql_Sleep  0x000000008831bf54       0x54
 .text.Ql_Sleep
                0x000000008831bf54       0x54 libs/gcc/app_start.lib(system.o)
                0x000000008831bf55                Ql_Sleep

.text.Ql_Reset  0x000000008831bfa8       0x54
 .text.Ql_Reset
                0x000000008831bfa8       0x54 libs/gcc/app_start.lib(system.o)
                0x000000008831bfa9                Ql_Reset

.text.Ql_GetUID
                0x000000008831bffc       0x44
 .text.Ql_GetUID
                0x000000008831bffc       0x44 libs/gcc/app_start.lib(system.o)
                0x000000008831bffd                Ql_GetUID

.text.Ql_GetMsSincePwrOn
                0x000000008831c040       0x58
 .text.Ql_GetMsSincePwrOn
                0x000000008831c040       0x58 libs/gcc/app_start.lib(system.o)
                0x000000008831c041                Ql_GetMsSincePwrOn

.text.Ql_GetCoreVer
                0x000000008831c098       0x48
 .text.Ql_GetCoreVer
                0x000000008831c098       0x48 libs/gcc/app_start.lib(system.o)
                0x000000008831c099                Ql_GetCoreVer

.text.Ql_GetSDKVer_Sub
                0x000000008831c0e0       0x44
 .text.Ql_GetSDKVer_Sub
                0x000000008831c0e0       0x44 libs/gcc/app_start.lib(system.o)
                0x000000008831c0e1                Ql_GetSDKVer_Sub

.text.Ql_GetSDKVer
                0x000000008831c124       0x44
 .text.Ql_GetSDKVer
                0x000000008831c124       0x44 libs/gcc/app_start.lib(system.o)
                0x000000008831c125                Ql_GetSDKVer

.text.Ql_UART_Register
                0x000000008831c168       0x48
 .text.Ql_UART_Register
                0x000000008831c168       0x48 libs/gcc/app_start.lib(uart.o)
                0x000000008831c169                Ql_UART_Register

.text.Ql_UART_Open
                0x000000008831c1b0       0x48
 .text.Ql_UART_Open
                0x000000008831c1b0       0x48 libs/gcc/app_start.lib(uart.o)
                0x000000008831c1b1                Ql_UART_Open

.text.Ql_UART_OpenEx
                0x000000008831c1f8       0x44
 .text.Ql_UART_OpenEx
                0x000000008831c1f8       0x44 libs/gcc/app_start.lib(uart.o)
                0x000000008831c1f9                Ql_UART_OpenEx

.text.Ql_UART_RX_Enable
                0x000000008831c23c       0x38
 .text.Ql_UART_RX_Enable
                0x000000008831c23c       0x38 libs/gcc/app_start.lib(uart.o)
                0x000000008831c23d                Ql_UART_RX_Enable

.text.Ql_UART_RX_Disable
                0x000000008831c274       0x3c
 .text.Ql_UART_RX_Disable
                0x000000008831c274       0x3c libs/gcc/app_start.lib(uart.o)
                0x000000008831c275                Ql_UART_RX_Disable

.text.Ql_UART_Write
                0x000000008831c2b0       0x48
 .text.Ql_UART_Write
                0x000000008831c2b0       0x48 libs/gcc/app_start.lib(uart.o)
                0x000000008831c2b1                Ql_UART_Write

.text.Ql_UART_Read
                0x000000008831c2f8       0x48
 .text.Ql_UART_Read
                0x000000008831c2f8       0x48 libs/gcc/app_start.lib(uart.o)
                0x000000008831c2f9                Ql_UART_Read

.text.Ql_UART_SetDCBConfig
                0x000000008831c340       0x44
 .text.Ql_UART_SetDCBConfig
                0x000000008831c340       0x44 libs/gcc/app_start.lib(uart.o)
                0x000000008831c341                Ql_UART_SetDCBConfig

.text.Ql_UART_GetDCBConfig
                0x000000008831c384       0x44
 .text.Ql_UART_GetDCBConfig
                0x000000008831c384       0x44 libs/gcc/app_start.lib(uart.o)
                0x000000008831c385                Ql_UART_GetDCBConfig

.text.Ql_UART_ClrRxBuffer
                0x000000008831c3c8       0x3c
 .text.Ql_UART_ClrRxBuffer
                0x000000008831c3c8       0x3c libs/gcc/app_start.lib(uart.o)
                0x000000008831c3c9                Ql_UART_ClrRxBuffer

.text.Ql_UART_ClrTxBuffer
                0x000000008831c404       0x3c
 .text.Ql_UART_ClrTxBuffer
                0x000000008831c404       0x3c libs/gcc/app_start.lib(uart.o)
                0x000000008831c405                Ql_UART_ClrTxBuffer

.text.Ql_UART_GetOption
                0x000000008831c440       0x48
 .text.Ql_UART_GetOption
                0x000000008831c440       0x48 libs/gcc/app_start.lib(uart.o)
                0x000000008831c441                Ql_UART_GetOption

.text.Ql_UART_SetOption
                0x000000008831c488       0x48
 .text.Ql_UART_SetOption
                0x000000008831c488       0x48 libs/gcc/app_start.lib(uart.o)
                0x000000008831c489                Ql_UART_SetOption

.text.Ql_UART_GetPinStatus
                0x000000008831c4d0       0x44
 .text.Ql_UART_GetPinStatus
                0x000000008831c4d0       0x44 libs/gcc/app_start.lib(uart.o)
                0x000000008831c4d1                Ql_UART_GetPinStatus

.text.Ql_UART_SetPinStatus
                0x000000008831c514       0x4c
 .text.Ql_UART_SetPinStatus
                0x000000008831c514       0x4c libs/gcc/app_start.lib(uart.o)
                0x000000008831c515                Ql_UART_SetPinStatus

.text.Ql_UART_SendEscap
                0x000000008831c560       0x40
 .text.Ql_UART_SendEscap
                0x000000008831c560       0x40 libs/gcc/app_start.lib(uart.o)
                0x000000008831c561                Ql_UART_SendEscap

.text.Ql_UART_Close
                0x000000008831c5a0       0x3c
 .text.Ql_UART_Close
                0x000000008831c5a0       0x3c libs/gcc/app_start.lib(uart.o)
                0x000000008831c5a1                Ql_UART_Close

.text.Ql_SOC_Register
                0x000000008831c5dc       0x50
 .text.Ql_SOC_Register
                0x000000008831c5dc       0x50 libs/gcc/app_start.lib(socket.o)
                0x000000008831c5dd                Ql_SOC_Register

.text.Ql_SOC_Create
                0x000000008831c62c       0x48
 .text.Ql_SOC_Create
                0x000000008831c62c       0x48 libs/gcc/app_start.lib(socket.o)
                0x000000008831c62d                Ql_SOC_Create

.text.Ql_SOC_CreateEx
                0x000000008831c674       0x68
 .text.Ql_SOC_CreateEx
                0x000000008831c674       0x68 libs/gcc/app_start.lib(socket.o)
                0x000000008831c675                Ql_SOC_CreateEx

.text.Ql_SOC_Close
                0x000000008831c6dc       0x40
 .text.Ql_SOC_Close
                0x000000008831c6dc       0x40 libs/gcc/app_start.lib(socket.o)
                0x000000008831c6dd                Ql_SOC_Close

.text.Ql_SOC_Connect
                0x000000008831c71c       0x50
 .text.Ql_SOC_Connect
                0x000000008831c71c       0x50 libs/gcc/app_start.lib(socket.o)
                0x000000008831c71d                Ql_SOC_Connect

.text.Ql_SOC_ConnectEx
                0x000000008831c76c       0x58
 .text.Ql_SOC_ConnectEx
                0x000000008831c76c       0x58 libs/gcc/app_start.lib(socket.o)
                0x000000008831c76d                Ql_SOC_ConnectEx

.text.Ql_SOC_Send
                0x000000008831c7c4       0x48
 .text.Ql_SOC_Send
                0x000000008831c7c4       0x48 libs/gcc/app_start.lib(socket.o)
                0x000000008831c7c5                Ql_SOC_Send

.text.Ql_SOC_Recv
                0x000000008831c80c       0x48
 .text.Ql_SOC_Recv
                0x000000008831c80c       0x48 libs/gcc/app_start.lib(socket.o)
                0x000000008831c80d                Ql_SOC_Recv

.text.Ql_SOC_GetAckNumber
                0x000000008831c854       0x44
 .text.Ql_SOC_GetAckNumber
                0x000000008831c854       0x44 libs/gcc/app_start.lib(socket.o)
                0x000000008831c855                Ql_SOC_GetAckNumber

.text.Ql_SOC_SendTo
                0x000000008831c898       0x58
 .text.Ql_SOC_SendTo
                0x000000008831c898       0x58 libs/gcc/app_start.lib(socket.o)
                0x000000008831c899                Ql_SOC_SendTo

.text.Ql_SOC_RecvFrom
                0x000000008831c8f0       0x50
 .text.Ql_SOC_RecvFrom
                0x000000008831c8f0       0x50 libs/gcc/app_start.lib(socket.o)
                0x000000008831c8f1                Ql_SOC_RecvFrom

.text.Ql_SOC_Bind
                0x000000008831c940       0x4c
 .text.Ql_SOC_Bind
                0x000000008831c940       0x4c libs/gcc/app_start.lib(socket.o)
                0x000000008831c941                Ql_SOC_Bind

.text.Ql_SOC_Listen
                0x000000008831c98c       0x44
 .text.Ql_SOC_Listen
                0x000000008831c98c       0x44 libs/gcc/app_start.lib(socket.o)
                0x000000008831c98d                Ql_SOC_Listen

.text.Ql_SOC_Accept
                0x000000008831c9d0       0x48
 .text.Ql_SOC_Accept
                0x000000008831c9d0       0x48 libs/gcc/app_start.lib(socket.o)
                0x000000008831c9d1                Ql_SOC_Accept

.text.Ql_IpHelper_GetIPByHostName
                0x000000008831ca18       0x50
 .text.Ql_IpHelper_GetIPByHostName
                0x000000008831ca18       0x50 libs/gcc/app_start.lib(socket.o)
                0x000000008831ca19                Ql_IpHelper_GetIPByHostName

.text.Ql_IpHelper_GetIPByHostNameEx
                0x000000008831ca68       0x54
 .text.Ql_IpHelper_GetIPByHostNameEx
                0x000000008831ca68       0x54 libs/gcc/app_start.lib(socket.o)
                0x000000008831ca69                Ql_IpHelper_GetIPByHostNameEx

.text.Ql_IpHelper_ConvertIpAddr
                0x000000008831cabc       0x44
 .text.Ql_IpHelper_ConvertIpAddr
                0x000000008831cabc       0x44 libs/gcc/app_start.lib(socket.o)
                0x000000008831cabd                Ql_IpHelper_ConvertIpAddr

.text.Ql_SOC_SetOption
                0x000000008831cb00       0x48
 .text.Ql_SOC_SetOption
                0x000000008831cb00       0x48 libs/gcc/app_start.lib(socket.o)